[    2484ms] [LOG] %c👋 Welcome to Upendra Kumar's Portfolio! color: #0078d4; font-size: 20px; font-weight: bold; @ https://portfolio.upendrakumar.com/js/main.js:458
[    2484ms] [LOG] %cAzure Solutions Architect | Seeking Leadership Roles color: #50e6ff; font-size: 14px; @ https://portfolio.upendrakumar.com/js/main.js:459
[    2484ms] [LOG] %cInterested in collaboration? Let's connect! color: #666; font-size: 12px; @ https://portfolio.upendrakumar.com/js/main.js:460
[    2484ms] [LOG] 🚀 Portfolio loaded successfully! @ https://portfolio.upendrakumar.com/js/main.js:474
[    3406ms] [LOG] [Observability] SDK Loaded via standard loader. @ https://portfolio.upendrakumar.com/js/observability.js?v=3:28
[    3407ms] [LOG] [Observability] Governance Protocol Active. @ https://portfolio.upendrakumar.com/js/observability.js?v=3:185
[    3695ms] [LOG] [Observability] Health Check: Online (280ms) @ https://portfolio.upendrakumar.com/js/observability.js?v=3:144
[   33721ms] [LOG] [Observability] Health Check: Online (301ms) @ https://portfolio.upendrakumar.com/js/observability.js?v=3:144
[   64845ms] [LOG] [Observability] Health Check: Online (1425ms) @ https://portfolio.upendrakumar.com/js/observability.js?v=3:144
[   94005ms] [LOG] [Observability] Health Check: Online (561ms) @ https://portfolio.upendrakumar.com/js/observability.js?v=3:144
[  124501ms] [LOG] [Observability] Health Check: Online (1083ms) @ https://portfolio.upendrakumar.com/js/observability.js?v=3:144
[  153505ms] [ERROR] Failed to load resource: net::ERR_CONNECTION_CLOSED @ https://portfolio.upendrakumar.com/status.json:0
[  153505ms] [ERROR] [Observability] Health Check Failed: Failed to fetch @ https://portfolio.upendrakumar.com/js/observability.js?v=3:154
[  183844ms] [LOG] [Observability] Health Check: Online (425ms) @ https://portfolio.upendrakumar.com/js/observability.js?v=3:144
[  213764ms] [LOG] [Observability] Health Check: Online (343ms) @ https://portfolio.upendrakumar.com/js/observability.js?v=3:144
[  243776ms] [LOG] [Observability] Health Check: Online (347ms) @ https://portfolio.upendrakumar.com/js/observability.js?v=3:144
[  273794ms] [LOG] [Observability] Health Check: Online (369ms) @ https://portfolio.upendrakumar.com/js/observability.js?v=3:144
[  303764ms] [LOG] [Observability] Health Check: Online (345ms) @ https://portfolio.upendrakumar.com/js/observability.js?v=3:144
[  333770ms] [LOG] [Observability] Health Check: Online (350ms) @ https://portfolio.upendrakumar.com/js/observability.js?v=3:144
[  364544ms] [LOG] [Observability] Health Check: Online (1123ms) @ https://portfolio.upendrakumar.com/js/observability.js?v=3:144
[  393604ms] [ERROR] Failed to load resource: net::ERR_CONNECTION_CLOSED @ https://portfolio.upendrakumar.com/status.json:0
[  393604ms] [ERROR] [Observability] Health Check Failed: Failed to fetch @ https://portfolio.upendrakumar.com/js/observability.js?v=3:154
[  424870ms] [LOG] [Observability] Health Check: Online (1449ms) @ https://portfolio.upendrakumar.com/js/observability.js?v=3:144
[  454028ms] [LOG] [Observability] Health Check: Online (607ms) @ https://portfolio.upendrakumar.com/js/observability.js?v=3:144
[  484584ms] [LOG] [Observability] Health Check: Online (1163ms) @ https://portfolio.upendrakumar.com/js/observability.js?v=3:144
[  513595ms] [ERROR] Failed to load resource: net::ERR_CONNECTION_CLOSED @ https://portfolio.upendrakumar.com/status.json:0
[  513596ms] [ERROR] [Observability] Health Check Failed: Failed to fetch @ https://portfolio.upendrakumar.com/js/observability.js?v=3:154
[  544890ms] [LOG] [Observability] Health Check: Online (1460ms) @ https://portfolio.upendrakumar.com/js/observability.js?v=3:144
[  574002ms] [LOG] [Observability] Health Check: Online (582ms) @ https://portfolio.upendrakumar.com/js/observability.js?v=3:144
[  604539ms] [LOG] [Observability] Health Check: Online (1108ms) @ https://portfolio.upendrakumar.com/js/observability.js?v=3:144
[  633546ms] [ERROR] Failed to load resource: net::ERR_CONNECTION_CLOSED @ https://portfolio.upendrakumar.com/status.json:0
[  633546ms] [ERROR] [Observability] Health Check Failed: Failed to fetch @ https://portfolio.upendrakumar.com/js/observability.js?v=3:154
