[     269ms] [LOG] %c👋 Welcome to Upendra Kumar's Portfolio! color: #0078d4; font-size: 20px; font-weight: bold; @ http://localhost:8792/js/main.js:458
[     269ms] [LOG] %cAzure Solutions Architect | Seeking Leadership Roles color: #50e6ff; font-size: 14px; @ http://localhost:8792/js/main.js:459
[     269ms] [LOG] %cInterested in collaboration? Let's connect! color: #666; font-size: 12px; @ http://localhost:8792/js/main.js:460
[     270ms] [LOG] 🚀 Portfolio loaded successfully! @ http://localhost:8792/js/main.js:474
[     271ms] [LOG] [Observability] SDK Loaded via standard loader. @ http://localhost:8792/js/observability.js?v=3:28
[     271ms] [LOG] [Observability] Governance Protocol Active. @ http://localhost:8792/js/observability.js?v=3:185
[     433ms] [LOG] [Observability] Health Check: Online (14ms) @ http://localhost:8792/js/observability.js?v=3:144
[     527ms] [LOG] Page load time: 497.9000005722046ms @ http://localhost:8792/js/main.js:467
[     597ms] [ERROR] Failed to load resource: the server responded with a status of 404 (File not found) @ http://localhost:8792/favicon.ico:0
[   30294ms] [LOG] [Observability] Health Check: Online (4ms) @ http://localhost:8792/js/observability.js?v=3:144
[   60291ms] [LOG] [Observability] Health Check: Online (6ms) @ http://localhost:8792/js/observability.js?v=3:144
[   90296ms] [LOG] [Observability] Health Check: Online (6ms) @ http://localhost:8792/js/observability.js?v=3:144
[  120295ms] [LOG] [Observability] Health Check: Online (9ms) @ http://localhost:8792/js/observability.js?v=3:144
[  150301ms] [LOG] [Observability] Health Check: Online (7ms) @ http://localhost:8792/js/observability.js?v=3:144
[  180303ms] [LOG] [Observability] Health Check: Online (8ms) @ http://localhost:8792/js/observability.js?v=3:144
[  210297ms] [LOG] [Observability] Health Check: Online (8ms) @ http://localhost:8792/js/observability.js?v=3:144
[  240301ms] [LOG] [Observability] Health Check: Online (9ms) @ http://localhost:8792/js/observability.js?v=3:144
[  270288ms] [LOG] [Observability] Health Check: Online (5ms) @ http://localhost:8792/js/observability.js?v=3:144
[  300292ms] [LOG] [Observability] Health Check: Online (11ms) @ http://localhost:8792/js/observability.js?v=3:144
[  330306ms] [LOG] [Observability] Health Check: Online (11ms) @ http://localhost:8792/js/observability.js?v=3:144
[  360404ms] [LOG] [Observability] Health Check: Online (121ms) @ http://localhost:8792/js/observability.js?v=3:144
[  390293ms] [LOG] [Observability] Health Check: Online (12ms) @ http://localhost:8792/js/observability.js?v=3:144
[  420295ms] [LOG] [Observability] Health Check: Online (12ms) @ http://localhost:8792/js/observability.js?v=3:144
[  450290ms] [LOG] [Observability] Health Check: Online (6ms) @ http://localhost:8792/js/observability.js?v=3:144
[  480300ms] [LOG] [Observability] Health Check: Online (6ms) @ http://localhost:8792/js/observability.js?v=3:144
[  510303ms] [LOG] [Observability] Health Check: Online (7ms) @ http://localhost:8792/js/observability.js?v=3:144
[  540293ms] [LOG] [Observability] Health Check: Online (6ms) @ http://localhost:8792/js/observability.js?v=3:144
[  570285ms] [LOG] [Observability] Health Check: Online (4ms) @ http://localhost:8792/js/observability.js?v=3:144
[  600296ms] [LOG] [Observability] Health Check: Online (6ms) @ http://localhost:8792/js/observability.js?v=3:144
