[     396ms] [INFO] Clear-Site-Data header on 'https://www.linkedin.com/feed/': Cleared data types: "storage". @ https://portfolio.upendrakumar.com/blog/2026-07-14-ai-agent-zero-standing-privilege.html:0
[    1414ms] [VERBOSE] [DOM] Password field is not contained in a form: (More info: https://goo.gl/9p2vKq) %o @ https://www.linkedin.com/uas/login?session_redirect=https%3A%2F%2Fwww.linkedin.com%2Ffeed%2F:0
[    1414ms] [VERBOSE] [DOM] Password field is not contained in a form: (More info: https://goo.gl/9p2vKq) %o @ https://www.linkedin.com/uas/login?session_redirect=https%3A%2F%2Fwww.linkedin.com%2Ffeed%2F:0
[    1604ms] [WARNING] [GSI_LOGGER]: Your client application may not display the Google One Tap in its default position. When FedCM becomes mandatory, One Tap only displays in the default position. Refer to the migration guide to update your code accordingly and opt-in to FedCM to test your changes. Learn more: https://developers.google.com/identity/gsi/web/guides/fedcm-migration?s=dc#layout @ https://static.licdn.com/aero-v1/sc/h/assets/C3oAS1wT.js:168
[    1604ms] [WARNING] [GSI_LOGGER]: Your client application uses one of the Google One Tap prompt UI status methods that may stop functioning when FedCM becomes mandatory. Refer to the migration guide to update your code accordingly and opt-in to FedCM to test your changes. Learn more: https://developers.google.com/identity/gsi/web/guides/fedcm-migration?s=dc#display_moment and https://developers.google.com/identity/gsi/web/guides/fedcm-migration?s=dc#skipped_moment @ https://static.licdn.com/aero-v1/sc/h/assets/C3oAS1wT.js:168
[    1604ms] [WARNING] [GSI_LOGGER]: Currently, you disable FedCM on Google One Tap. FedCM for One Tap will become mandatory starting Oct 2024, and you won’t be able to disable it. Refer to the migration guide to update your code accordingly to ensure users will not be blocked from logging in. Learn more: https://developers.google.com/identity/gsi/web/guides/fedcm-migration @ https://static.licdn.com/aero-v1/sc/h/assets/C3oAS1wT.js:168
[    1608ms] [WARNING] [GSI_LOGGER]: Currently, you disable FedCM on Google One Tap. FedCM for One Tap will become mandatory starting Oct 2024, and you won’t be able to disable it. Refer to the migration guide to update your code accordingly to ensure users will not be blocked from logging in. Learn more: https://developers.google.com/identity/gsi/web/guides/fedcm-migration @ https://static.licdn.com/aero-v1/sc/h/assets/C3oAS1wT.js:168
[    1614ms] [WARNING] [GSI_LOGGER]: Your client application may not display the Google One Tap in its default position. When FedCM becomes mandatory, One Tap only displays in the default position. Refer to the migration guide to update your code accordingly and opt-in to FedCM to test your changes. Learn more: https://developers.google.com/identity/gsi/web/guides/fedcm-migration?s=dc#layout @ https://static.licdn.com/aero-v1/sc/h/assets/C3oAS1wT.js:168
[    1614ms] [WARNING] [GSI_LOGGER]: Your client application uses one of the Google One Tap prompt UI status methods that may stop functioning when FedCM becomes mandatory. Refer to the migration guide to update your code accordingly and opt-in to FedCM to test your changes. Learn more: https://developers.google.com/identity/gsi/web/guides/fedcm-migration?s=dc#display_moment and https://developers.google.com/identity/gsi/web/guides/fedcm-migration?s=dc#skipped_moment @ https://static.licdn.com/aero-v1/sc/h/assets/C3oAS1wT.js:168
[    1614ms] [WARNING] [GSI_LOGGER]: Currently, you disable FedCM on Google One Tap. FedCM for One Tap will become mandatory starting Oct 2024, and you won’t be able to disable it. Refer to the migration guide to update your code accordingly to ensure users will not be blocked from logging in. Learn more: https://developers.google.com/identity/gsi/web/guides/fedcm-migration @ https://static.licdn.com/aero-v1/sc/h/assets/C3oAS1wT.js:168
[    5712ms] [WARNING] <link rel=preload> must have a valid `as` value @ https://www.linkedin.com/checkpoint/challenge/AQGVTmR4nDbCYQAAAZ9hWY9PVVk6zYeo6AN0ktTNYYPbEmYvAe1A3mhe9hTwXbMK9NIReUvGU9qFK-broTMlhvpsjJVqbg/?ut=2E9uBjC8e-Jck1:41
[    5713ms] [WARNING] <link rel=preload> must have a valid `as` value @ https://www.linkedin.com/checkpoint/challenge/AQGVTmR4nDbCYQAAAZ9hWY9PVVk6zYeo6AN0ktTNYYPbEmYvAe1A3mhe9hTwXbMK9NIReUvGU9qFK-broTMlhvpsjJVqbg/?ut=2E9uBjC8e-Jck1:42
[    6318ms] [WARNING] <link rel=preload> must have a valid `as` value @ https://www.linkedin.com/checkpoint/challenge/captchaInternal:34
[    6318ms] [WARNING] <link rel=preload> must have a valid `as` value @ https://www.linkedin.com/checkpoint/challenge/captchaInternal:35
[ 4461262ms] [WARNING] <link rel=preload> must have a valid `as` value @ https://www.linkedin.com/checkpoint/lg/login?trk=hb_signin:65
[ 4461262ms] [WARNING] <link rel=preload> must have a valid `as` value @ https://www.linkedin.com/checkpoint/lg/login?trk=hb_signin:66
[ 4461262ms] [WARNING] <link rel=preload> must have a valid `as` value @ https://www.linkedin.com/checkpoint/lg/login?trk=hb_signin:67
[ 4461263ms] [WARNING] <link rel=preload> must have a valid `as` value @ https://www.linkedin.com/checkpoint/lg/login?trk=hb_signin:68
[ 4461263ms] [WARNING] <link rel=preload> must have a valid `as` value @ https://www.linkedin.com/checkpoint/lg/login?trk=hb_signin:71
[ 4461263ms] [WARNING] <link rel=preload> must have a valid `as` value @ https://www.linkedin.com/checkpoint/lg/login?trk=hb_signin:72
[ 4461291ms] [VERBOSE] [DOM] Password forms should have (optionally hidden) username fields for accessibility: (More info: https://goo.gl/9p2vKq) %o @ https://www.linkedin.com/checkpoint/lg/login?trk=hb_signin:961
[ 4461734ms] [WARNING] [GSI_LOGGER]: Your client application may not display the Google One Tap in its default position. When FedCM becomes mandatory, One Tap only displays in the default position. Refer to the migration guide to update your code accordingly and opt-in to FedCM to test your changes. Learn more: https://developers.google.com/identity/gsi/web/guides/fedcm-migration?s=dc#layout @ https://static.licdn.com/sc/h/aofke6z5sqc44bjlvj6yr05c8:168
[ 4461737ms] [WARNING] [GSI_LOGGER]: Your client application uses one of the Google One Tap prompt UI status methods that may stop functioning when FedCM becomes mandatory. Refer to the migration guide to update your code accordingly and opt-in to FedCM to test your changes. Learn more: https://developers.google.com/identity/gsi/web/guides/fedcm-migration?s=dc#display_moment and https://developers.google.com/identity/gsi/web/guides/fedcm-migration?s=dc#skipped_moment @ https://static.licdn.com/sc/h/aofke6z5sqc44bjlvj6yr05c8:168
[ 4461738ms] [WARNING] [GSI_LOGGER]: Currently, you disable FedCM on Google One Tap. FedCM for One Tap will become mandatory starting Oct 2024, and you won’t be able to disable it. Refer to the migration guide to update your code accordingly to ensure users will not be blocked from logging in. Learn more: https://developers.google.com/identity/gsi/web/guides/fedcm-migration @ https://static.licdn.com/sc/h/aofke6z5sqc44bjlvj6yr05c8:168
[ 4466067ms] [WARNING] <link rel=preload> must have a valid `as` value @ https://www.linkedin.com/checkpoint/challenge/AgFdT1RRr9JriwAAAZ9hnZ8Pbdi54n1NxR-RzLlBSI9qJXbccF0HgVUg3lqvXti7-POYm3aN4nzZyqY22djk12edjXdc0Q?ut=0lZsadr3k8Jsk1:41
[ 4466067ms] [WARNING] <link rel=preload> must have a valid `as` value @ https://www.linkedin.com/checkpoint/challenge/AgFdT1RRr9JriwAAAZ9hnZ8Pbdi54n1NxR-RzLlBSI9qJXbccF0HgVUg3lqvXti7-POYm3aN4nzZyqY22djk12edjXdc0Q?ut=0lZsadr3k8Jsk1:42
[ 4466413ms] [WARNING] <link rel=preload> must have a valid `as` value @ https://www.linkedin.com/checkpoint/challenge/captchaInternal:34
[ 4466413ms] [WARNING] <link rel=preload> must have a valid `as` value @ https://www.linkedin.com/checkpoint/challenge/captchaInternal:35
[ 4472717ms] [WARNING] <link rel=preload> must have a valid `as` value @ https://www.linkedin.com/checkpoint/lg/login?trk=hb_signin:65
[ 4472717ms] [WARNING] <link rel=preload> must have a valid `as` value @ https://www.linkedin.com/checkpoint/lg/login?trk=hb_signin:66
[ 4472717ms] [WARNING] <link rel=preload> must have a valid `as` value @ https://www.linkedin.com/checkpoint/lg/login?trk=hb_signin:67
[ 4472718ms] [WARNING] <link rel=preload> must have a valid `as` value @ https://www.linkedin.com/checkpoint/lg/login?trk=hb_signin:68
[ 4472718ms] [WARNING] <link rel=preload> must have a valid `as` value @ https://www.linkedin.com/checkpoint/lg/login?trk=hb_signin:71
[ 4472718ms] [WARNING] <link rel=preload> must have a valid `as` value @ https://www.linkedin.com/checkpoint/lg/login?trk=hb_signin:72
[ 4472753ms] [VERBOSE] [DOM] Password forms should have (optionally hidden) username fields for accessibility: (More info: https://goo.gl/9p2vKq) %o @ https://www.linkedin.com/checkpoint/lg/login?trk=hb_signin:0
[ 4472969ms] [WARNING] [GSI_LOGGER]: Your client application may not display the Google One Tap in its default position. When FedCM becomes mandatory, One Tap only displays in the default position. Refer to the migration guide to update your code accordingly and opt-in to FedCM to test your changes. Learn more: https://developers.google.com/identity/gsi/web/guides/fedcm-migration?s=dc#layout @ https://static.licdn.com/sc/h/aofke6z5sqc44bjlvj6yr05c8:168
[ 4472969ms] [WARNING] [GSI_LOGGER]: Your client application uses one of the Google One Tap prompt UI status methods that may stop functioning when FedCM becomes mandatory. Refer to the migration guide to update your code accordingly and opt-in to FedCM to test your changes. Learn more: https://developers.google.com/identity/gsi/web/guides/fedcm-migration?s=dc#display_moment and https://developers.google.com/identity/gsi/web/guides/fedcm-migration?s=dc#skipped_moment @ https://static.licdn.com/sc/h/aofke6z5sqc44bjlvj6yr05c8:168
[ 4472970ms] [WARNING] [GSI_LOGGER]: Currently, you disable FedCM on Google One Tap. FedCM for One Tap will become mandatory starting Oct 2024, and you won’t be able to disable it. Refer to the migration guide to update your code accordingly to ensure users will not be blocked from logging in. Learn more: https://developers.google.com/identity/gsi/web/guides/fedcm-migration @ https://static.licdn.com/sc/h/aofke6z5sqc44bjlvj6yr05c8:168
[ 4477270ms] [WARNING] <link rel=preload> must have a valid `as` value @ https://www.linkedin.com/checkpoint/challenge/AgFC0k-rD-Eo0wAAAZ9hncquNtPLYAPpnOv90bpXJFoFmkchgRCNQlnE8hjannH4H-Qxo1PD7jz7jPfc8AbhymITjHmb_Q?ut=2DCyvBtFw8Jsk1:41
[ 4477270ms] [WARNING] <link rel=preload> must have a valid `as` value @ https://www.linkedin.com/checkpoint/challenge/AgFC0k-rD-Eo0wAAAZ9hncquNtPLYAPpnOv90bpXJFoFmkchgRCNQlnE8hjannH4H-Qxo1PD7jz7jPfc8AbhymITjHmb_Q?ut=2DCyvBtFw8Jsk1:42
[ 4477600ms] [WARNING] <link rel=preload> must have a valid `as` value @ https://www.linkedin.com/checkpoint/challenge/captchaInternal:34
[ 4477600ms] [WARNING] <link rel=preload> must have a valid `as` value @ https://www.linkedin.com/checkpoint/challenge/captchaInternal:35
[ 4486501ms] [WARNING] <link rel=preload> must have a valid `as` value @ https://www.linkedin.com/checkpoint/lg/login?trk=hb_signin:65
[ 4486501ms] [WARNING] <link rel=preload> must have a valid `as` value @ https://www.linkedin.com/checkpoint/lg/login?trk=hb_signin:66
[ 4486501ms] [WARNING] <link rel=preload> must have a valid `as` value @ https://www.linkedin.com/checkpoint/lg/login?trk=hb_signin:67
[ 4486501ms] [WARNING] <link rel=preload> must have a valid `as` value @ https://www.linkedin.com/checkpoint/lg/login?trk=hb_signin:68
[ 4486501ms] [WARNING] <link rel=preload> must have a valid `as` value @ https://www.linkedin.com/checkpoint/lg/login?trk=hb_signin:71
[ 4486501ms] [WARNING] <link rel=preload> must have a valid `as` value @ https://www.linkedin.com/checkpoint/lg/login?trk=hb_signin:72
[ 4486524ms] [VERBOSE] [DOM] Password forms should have (optionally hidden) username fields for accessibility: (More info: https://goo.gl/9p2vKq) %o @ https://www.linkedin.com/checkpoint/lg/login?trk=hb_signin:0
[ 4486699ms] [WARNING] [GSI_LOGGER]: Your client application may not display the Google One Tap in its default position. When FedCM becomes mandatory, One Tap only displays in the default position. Refer to the migration guide to update your code accordingly and opt-in to FedCM to test your changes. Learn more: https://developers.google.com/identity/gsi/web/guides/fedcm-migration?s=dc#layout @ https://static.licdn.com/sc/h/aofke6z5sqc44bjlvj6yr05c8:168
[ 4486699ms] [WARNING] [GSI_LOGGER]: Your client application uses one of the Google One Tap prompt UI status methods that may stop functioning when FedCM becomes mandatory. Refer to the migration guide to update your code accordingly and opt-in to FedCM to test your changes. Learn more: https://developers.google.com/identity/gsi/web/guides/fedcm-migration?s=dc#display_moment and https://developers.google.com/identity/gsi/web/guides/fedcm-migration?s=dc#skipped_moment @ https://static.licdn.com/sc/h/aofke6z5sqc44bjlvj6yr05c8:168
[ 4486699ms] [WARNING] [GSI_LOGGER]: Currently, you disable FedCM on Google One Tap. FedCM for One Tap will become mandatory starting Oct 2024, and you won’t be able to disable it. Refer to the migration guide to update your code accordingly to ensure users will not be blocked from logging in. Learn more: https://developers.google.com/identity/gsi/web/guides/fedcm-migration @ https://static.licdn.com/sc/h/aofke6z5sqc44bjlvj6yr05c8:168
[ 4491002ms] [WARNING] <link rel=preload> must have a valid `as` value @ https://www.linkedin.com/checkpoint/challenge/AgGYF08DmPd7-wAAAZ9hngBjC_mBzPSv4HJnlCyQi--1SY0Go5EbGCIt-Kz16tVRnJEFxrqw0s0sq7qEekX-ejWIi8Bh7Q?ut=0BqOGa58k8Jsk1:41
[ 4491002ms] [WARNING] <link rel=preload> must have a valid `as` value @ https://www.linkedin.com/checkpoint/challenge/AgGYF08DmPd7-wAAAZ9hngBjC_mBzPSv4HJnlCyQi--1SY0Go5EbGCIt-Kz16tVRnJEFxrqw0s0sq7qEekX-ejWIi8Bh7Q?ut=0BqOGa58k8Jsk1:42
[ 4491351ms] [WARNING] <link rel=preload> must have a valid `as` value @ https://www.linkedin.com/checkpoint/challenge/captchaInternal:34
[ 4491351ms] [WARNING] <link rel=preload> must have a valid `as` value @ https://www.linkedin.com/checkpoint/challenge/captchaInternal:35
[ 4495955ms] [WARNING] <link rel=preload> must have a valid `as` value @ https://www.linkedin.com/checkpoint/lg/login?trk=hb_signin:65
[ 4495955ms] [WARNING] <link rel=preload> must have a valid `as` value @ https://www.linkedin.com/checkpoint/lg/login?trk=hb_signin:66
[ 4495955ms] [WARNING] <link rel=preload> must have a valid `as` value @ https://www.linkedin.com/checkpoint/lg/login?trk=hb_signin:67
[ 4495955ms] [WARNING] <link rel=preload> must have a valid `as` value @ https://www.linkedin.com/checkpoint/lg/login?trk=hb_signin:68
[ 4495955ms] [WARNING] <link rel=preload> must have a valid `as` value @ https://www.linkedin.com/checkpoint/lg/login?trk=hb_signin:71
[ 4495955ms] [WARNING] <link rel=preload> must have a valid `as` value @ https://www.linkedin.com/checkpoint/lg/login?trk=hb_signin:72
[ 4495981ms] [VERBOSE] [DOM] Password forms should have (optionally hidden) username fields for accessibility: (More info: https://goo.gl/9p2vKq) %o @ https://www.linkedin.com/checkpoint/lg/login?trk=hb_signin:0
[ 4496175ms] [WARNING] [GSI_LOGGER]: Your client application may not display the Google One Tap in its default position. When FedCM becomes mandatory, One Tap only displays in the default position. Refer to the migration guide to update your code accordingly and opt-in to FedCM to test your changes. Learn more: https://developers.google.com/identity/gsi/web/guides/fedcm-migration?s=dc#layout @ https://static.licdn.com/sc/h/aofke6z5sqc44bjlvj6yr05c8:168
[ 4496176ms] [WARNING] [GSI_LOGGER]: Your client application uses one of the Google One Tap prompt UI status methods that may stop functioning when FedCM becomes mandatory. Refer to the migration guide to update your code accordingly and opt-in to FedCM to test your changes. Learn more: https://developers.google.com/identity/gsi/web/guides/fedcm-migration?s=dc#display_moment and https://developers.google.com/identity/gsi/web/guides/fedcm-migration?s=dc#skipped_moment @ https://static.licdn.com/sc/h/aofke6z5sqc44bjlvj6yr05c8:168
[ 4496176ms] [WARNING] [GSI_LOGGER]: Currently, you disable FedCM on Google One Tap. FedCM for One Tap will become mandatory starting Oct 2024, and you won’t be able to disable it. Refer to the migration guide to update your code accordingly to ensure users will not be blocked from logging in. Learn more: https://developers.google.com/identity/gsi/web/guides/fedcm-migration @ https://static.licdn.com/sc/h/aofke6z5sqc44bjlvj6yr05c8:168
[ 4500466ms] [WARNING] <link rel=preload> must have a valid `as` value @ https://www.linkedin.com/checkpoint/challenge/AgHFUvV-SNZLzwAAAZ9hniVvV-FDXQHzoyk_QIjbQnZW81nc2-nd2320uVQmUpUZxbyLzaiYnWIoq-pEGQQ9E1vJcla6LQ?ut=2_dGru4xw9Jsk1:41
[ 4500466ms] [WARNING] <link rel=preload> must have a valid `as` value @ https://www.linkedin.com/checkpoint/challenge/AgHFUvV-SNZLzwAAAZ9hniVvV-FDXQHzoyk_QIjbQnZW81nc2-nd2320uVQmUpUZxbyLzaiYnWIoq-pEGQQ9E1vJcla6LQ?ut=2_dGru4xw9Jsk1:42
[ 4500799ms] [WARNING] <link rel=preload> must have a valid `as` value @ https://www.linkedin.com/checkpoint/challenge/captchaInternal:34
[ 4500799ms] [WARNING] <link rel=preload> must have a valid `as` value @ https://www.linkedin.com/checkpoint/challenge/captchaInternal:35
[ 4518858ms] [WARNING] <link rel=preload> must have a valid `as` value @ https://www.linkedin.com/checkpoint/challenge/AgHFUvV-SNZLzwAAAZ9hniVvV-FDXQHzoyk_QIjbQnZW81nc2-nd2320uVQmUpUZxbyLzaiYnWIoq-pEGQQ9E1vJcla6LQ?ut=2_dGru4xw9Jsk1:41
[ 4518858ms] [WARNING] <link rel=preload> must have a valid `as` value @ https://www.linkedin.com/checkpoint/challenge/AgHFUvV-SNZLzwAAAZ9hniVvV-FDXQHzoyk_QIjbQnZW81nc2-nd2320uVQmUpUZxbyLzaiYnWIoq-pEGQQ9E1vJcla6LQ?ut=2_dGru4xw9Jsk1:42
[ 4519193ms] [WARNING] <link rel=preload> must have a valid `as` value @ https://www.linkedin.com/checkpoint/challenge/captchaInternal:34
[ 4519193ms] [WARNING] <link rel=preload> must have a valid `as` value @ https://www.linkedin.com/checkpoint/challenge/captchaInternal:35
[ 4524329ms] [ERROR] Failed to load resource: the server responded with a status of 999 () @ https://www.linkedin.com/in/journeytocloudwithupendra/:0
[ 4524751ms] [VERBOSE] [DOM] Input elements should have autocomplete attributes (suggested: "username"): (More info: https://goo.gl/9p2vKq) %o @ https://www.linkedin.com/authwall?trk=bf&trkInfo=AQHifF1i8-5QhQAAAZ9hnoLwunEgQqO2DlpNT6599OYSUXRTjfyKU8shLOwaBTpOkZsaHcj8Ocpd1rTI0w7krWpBl3ToGrdE9uzhGrnHVL6VmW4_lqrsTjF0_OPiE3paS4YaZ-I=&original_referer=&sessionRedirect=https%3A%2F%2Fwww.linkedin.com%2Fin%2Fjourneytocloudwithupendra%2F:0
[ 4525089ms] [WARNING] Element with id: dust-var-locale not found @ https://static.licdn.com/aero-v1/sc/h/4sy6xgzo0t4xd6r0uco9cdjd2:1
[ 4525273ms] [WARNING] [GSI_LOGGER]: Your client application may not display the Google One Tap in its default position. When FedCM becomes mandatory, One Tap only displays in the default position. Refer to the migration guide to update your code accordingly and opt-in to FedCM to test your changes. Learn more: https://developers.google.com/identity/gsi/web/guides/fedcm-migration?s=dc#layout @ https://static.licdn.com/aero-v1/sc/h/29rdkxlvag0d3cpj96fiilbju:168
[ 4525274ms] [WARNING] [GSI_LOGGER]: Your client application uses one of the Google One Tap prompt UI status methods that may stop functioning when FedCM becomes mandatory. Refer to the migration guide to update your code accordingly and opt-in to FedCM to test your changes. Learn more: https://developers.google.com/identity/gsi/web/guides/fedcm-migration?s=dc#display_moment and https://developers.google.com/identity/gsi/web/guides/fedcm-migration?s=dc#skipped_moment @ https://static.licdn.com/aero-v1/sc/h/29rdkxlvag0d3cpj96fiilbju:168
[ 4525275ms] [WARNING] [GSI_LOGGER]: Currently, you disable FedCM on Google One Tap. FedCM for One Tap will become mandatory starting Oct 2024, and you won’t be able to disable it. Refer to the migration guide to update your code accordingly to ensure users will not be blocked from logging in. Learn more: https://developers.google.com/identity/gsi/web/guides/fedcm-migration @ https://static.licdn.com/aero-v1/sc/h/29rdkxlvag0d3cpj96fiilbju:168
[ 4525280ms] [WARNING] [GSI_LOGGER]: Currently, you disable FedCM on Google One Tap. FedCM for One Tap will become mandatory starting Oct 2024, and you won’t be able to disable it. Refer to the migration guide to update your code accordingly to ensure users will not be blocked from logging in. Learn more: https://developers.google.com/identity/gsi/web/guides/fedcm-migration @ https://static.licdn.com/aero-v1/sc/h/29rdkxlvag0d3cpj96fiilbju:168
[ 4529352ms] Uncaught ReferenceError: eventHandler is not defined
    at set (https://static.licdn.com/aero-v1/sc/h/4sy6xgzo0t4xd6r0uco9cdjd2:1:1349108)
    at <anonymous> (https://static.licdn.com/aero-v1/sc/h/4sy6xgzo0t4xd6r0uco9cdjd2:1:1346705)
[ 4529353ms] Uncaught TypeError: Cannot read properties of null (reading 'name')
    at <anonymous> (https://static.licdn.com/aero-v1/sc/h/4w1iremrnsuxf3bjq4udk3vti:0:293050)
[ 4529353ms] Uncaught ReferenceError: eventHandler is not defined
    at set (https://static.licdn.com/aero-v1/sc/h/4sy6xgzo0t4xd6r0uco9cdjd2:1:1349108)
    at <anonymous> (https://static.licdn.com/aero-v1/sc/h/4sy6xgzo0t4xd6r0uco9cdjd2:1:1346705)
[ 4529353ms] Uncaught TypeError: Cannot read properties of null (reading 'name')
    at <anonymous> (https://static.licdn.com/aero-v1/sc/h/4w1iremrnsuxf3bjq4udk3vti:0:293050)
[ 4529353ms] Uncaught ReferenceError: eventHandler is not defined
    at set (https://static.licdn.com/aero-v1/sc/h/4sy6xgzo0t4xd6r0uco9cdjd2:1:1349108)
    at <anonymous> (https://static.licdn.com/aero-v1/sc/h/4sy6xgzo0t4xd6r0uco9cdjd2:1:1346705)
[ 4529353ms] Uncaught TypeError: Cannot read properties of null (reading 'name')
    at <anonymous> (https://static.licdn.com/aero-v1/sc/h/4w1iremrnsuxf3bjq4udk3vti:0:293050)
[ 4529353ms] Uncaught ReferenceError: eventHandler is not defined
    at set (https://static.licdn.com/aero-v1/sc/h/4sy6xgzo0t4xd6r0uco9cdjd2:1:1349108)
    at <anonymous> (https://static.licdn.com/aero-v1/sc/h/4sy6xgzo0t4xd6r0uco9cdjd2:1:1346705)
[ 4529353ms] Uncaught TypeError: Cannot read properties of null (reading 'name')
    at <anonymous> (https://static.licdn.com/aero-v1/sc/h/4w1iremrnsuxf3bjq4udk3vti:0:293050)
[ 4529353ms] Uncaught ReferenceError: eventHandler is not defined
    at set (https://static.licdn.com/aero-v1/sc/h/4sy6xgzo0t4xd6r0uco9cdjd2:1:1349108)
    at <anonymous> (https://static.licdn.com/aero-v1/sc/h/4sy6xgzo0t4xd6r0uco9cdjd2:1:1346705)
[ 4529353ms] Uncaught TypeError: Cannot read properties of null (reading 'name')
    at <anonymous> (https://static.licdn.com/aero-v1/sc/h/4w1iremrnsuxf3bjq4udk3vti:0:293050)
[ 4529353ms] Uncaught ReferenceError: eventHandler is not defined
    at set (https://static.licdn.com/aero-v1/sc/h/4sy6xgzo0t4xd6r0uco9cdjd2:1:1349108)
    at <anonymous> (https://static.licdn.com/aero-v1/sc/h/4sy6xgzo0t4xd6r0uco9cdjd2:1:1346705)
[ 4529353ms] Uncaught TypeError: Cannot read properties of null (reading 'name')
    at <anonymous> (https://static.licdn.com/aero-v1/sc/h/4w1iremrnsuxf3bjq4udk3vti:0:293050)
[ 4529354ms] Uncaught ReferenceError: eventHandler is not defined
    at set (https://static.licdn.com/aero-v1/sc/h/4sy6xgzo0t4xd6r0uco9cdjd2:1:1349108)
    at <anonymous> (https://static.licdn.com/aero-v1/sc/h/4sy6xgzo0t4xd6r0uco9cdjd2:1:1346705)
[ 4529354ms] Uncaught TypeError: Cannot read properties of null (reading 'name')
    at <anonymous> (https://static.licdn.com/aero-v1/sc/h/4w1iremrnsuxf3bjq4udk3vti:0:293050)
[ 4529354ms] Uncaught ReferenceError: eventHandler is not defined
    at set (https://static.licdn.com/aero-v1/sc/h/4sy6xgzo0t4xd6r0uco9cdjd2:1:1349108)
    at <anonymous> (https://static.licdn.com/aero-v1/sc/h/4sy6xgzo0t4xd6r0uco9cdjd2:1:1346705)
[ 4529354ms] Uncaught TypeError: Cannot read properties of null (reading 'name')
    at <anonymous> (https://static.licdn.com/aero-v1/sc/h/4w1iremrnsuxf3bjq4udk3vti:0:293050)
[ 4530344ms] [WARNING] <link rel=preload> must have a valid `as` value @ https://www.linkedin.com/checkpoint/challenge/AgEO72fIaF1f2AAAAZ9hnpoDGT_PLcv3xK1b4h3hFOZFAf3hXTkIuQ_fiqEenLp0IhlkZNDexZ0A76pzr2uR6MHUVhSISg?ut=1DELlvpUw9Jsk1:41
[ 4530344ms] [WARNING] <link rel=preload> must have a valid `as` value @ https://www.linkedin.com/checkpoint/challenge/AgEO72fIaF1f2AAAAZ9hnpoDGT_PLcv3xK1b4h3hFOZFAf3hXTkIuQ_fiqEenLp0IhlkZNDexZ0A76pzr2uR6MHUVhSISg?ut=1DELlvpUw9Jsk1:42
[ 4530695ms] [WARNING] <link rel=preload> must have a valid `as` value @ https://www.linkedin.com/checkpoint/challenge/captchaInternal:34
[ 4530695ms] [WARNING] <link rel=preload> must have a valid `as` value @ https://www.linkedin.com/checkpoint/challenge/captchaInternal:35
[ 4547469ms] [WARNING] <link rel=preload> must have a valid `as` value @ https://www.linkedin.com/checkpoint/challenge/AgEO72fIaF1f2AAAAZ9hnpoDGT_PLcv3xK1b4h3hFOZFAf3hXTkIuQ_fiqEenLp0IhlkZNDexZ0A76pzr2uR6MHUVhSISg?ut=1DELlvpUw9Jsk1:41
[ 4547469ms] [WARNING] <link rel=preload> must have a valid `as` value @ https://www.linkedin.com/checkpoint/challenge/AgEO72fIaF1f2AAAAZ9hnpoDGT_PLcv3xK1b4h3hFOZFAf3hXTkIuQ_fiqEenLp0IhlkZNDexZ0A76pzr2uR6MHUVhSISg?ut=1DELlvpUw9Jsk1:42
[ 4547807ms] [WARNING] <link rel=preload> must have a valid `as` value @ https://www.linkedin.com/checkpoint/challenge/captchaInternal:34
[ 4547807ms] [WARNING] <link rel=preload> must have a valid `as` value @ https://www.linkedin.com/checkpoint/challenge/captchaInternal:35
