[     602ms] [LOG] %c👋 Welcome to Upendra Kumar's Portfolio! color: #0078d4; font-size: 20px; font-weight: bold; @ http://localhost:8791/js/main.js:458
[     603ms] [LOG] %cAzure Solutions Architect | Seeking Leadership Roles color: #50e6ff; font-size: 14px; @ http://localhost:8791/js/main.js:459
[     603ms] [LOG] %cInterested in collaboration? Let's connect! color: #666; font-size: 12px; @ http://localhost:8791/js/main.js:460
[     603ms] [LOG] 🚀 Portfolio loaded successfully! @ http://localhost:8791/js/main.js:474
[     612ms] [LOG] [Observability] SDK Loaded via standard loader. @ http://localhost:8791/js/observability.js?v=3:28
[     613ms] [LOG] [Observability] Governance Protocol Active. @ http://localhost:8791/js/observability.js?v=3:185
[     950ms] [LOG] [Observability] Health Check: Online (133ms) @ http://localhost:8791/js/observability.js?v=3:144
[    1128ms] [LOG] Page load time: 1087ms @ http://localhost:8791/js/main.js:467
[    1406ms] [ERROR] Failed to load resource: the server responded with a status of 404 (File not found) @ http://localhost:8791/favicon.ico:0
[   30642ms] [LOG] [Observability] Health Check: Online (6ms) @ http://localhost:8791/js/observability.js?v=3:144
[   60653ms] [LOG] [Observability] Health Check: Online (12ms) @ http://localhost:8791/js/observability.js?v=3:144
[   90641ms] [LOG] [Observability] Health Check: Online (14ms) @ http://localhost:8791/js/observability.js?v=3:144
[  120647ms] [LOG] [Observability] Health Check: Online (7ms) @ http://localhost:8791/js/observability.js?v=3:144
[  150637ms] [LOG] [Observability] Health Check: Online (5ms) @ http://localhost:8791/js/observability.js?v=3:144
[  180639ms] [LOG] [Observability] Health Check: Online (6ms) @ http://localhost:8791/js/observability.js?v=3:144
[  210650ms] [LOG] [Observability] Health Check: Online (10ms) @ http://localhost:8791/js/observability.js?v=3:144
[  240650ms] [LOG] [Observability] Health Check: Online (22ms) @ http://localhost:8791/js/observability.js?v=3:144
[  270644ms] [LOG] [Observability] Health Check: Online (12ms) @ http://localhost:8791/js/observability.js?v=3:144
[  300634ms] [LOG] [Observability] Health Check: Online (5ms) @ http://localhost:8791/js/observability.js?v=3:144
[  330631ms] [LOG] [Observability] Health Check: Online (4ms) @ http://localhost:8791/js/observability.js?v=3:144
[  360630ms] [LOG] [Observability] Health Check: Online (4ms) @ http://localhost:8791/js/observability.js?v=3:144
[  390644ms] [LOG] [Observability] Health Check: Online (5ms) @ http://localhost:8791/js/observability.js?v=3:144
[  420640ms] [LOG] [Observability] Health Check: Online (6ms) @ http://localhost:8791/js/observability.js?v=3:144
[  450649ms] [LOG] [Observability] Health Check: Online (13ms) @ http://localhost:8791/js/observability.js?v=3:144
[  480646ms] [LOG] [Observability] Health Check: Online (18ms) @ http://localhost:8791/js/observability.js?v=3:144
[  510644ms] [LOG] [Observability] Health Check: Online (13ms) @ http://localhost:8791/js/observability.js?v=3:144
[  540652ms] [LOG] [Observability] Health Check: Online (11ms) @ http://localhost:8791/js/observability.js?v=3:144
[  570651ms] [LOG] [Observability] Health Check: Online (13ms) @ http://localhost:8791/js/observability.js?v=3:144
[  600642ms] [LOG] [Observability] Health Check: Online (7ms) @ http://localhost:8791/js/observability.js?v=3:144
[  630649ms] [LOG] [Observability] Health Check: Online (23ms) @ http://localhost:8791/js/observability.js?v=3:144
[  660662ms] [LOG] [Observability] Health Check: Online (22ms) @ http://localhost:8791/js/observability.js?v=3:144
[  690638ms] [LOG] [Observability] Health Check: Online (6ms) @ http://localhost:8791/js/observability.js?v=3:144
[  720642ms] [LOG] [Observability] Health Check: Online (5ms) @ http://localhost:8791/js/observability.js?v=3:144
[  750641ms] [LOG] [Observability] Health Check: Online (10ms) @ http://localhost:8791/js/observability.js?v=3:144
[  780639ms] [LOG] [Observability] Health Check: Online (5ms) @ http://localhost:8791/js/observability.js?v=3:144
[  810637ms] [LOG] [Observability] Health Check: Online (4ms) @ http://localhost:8791/js/observability.js?v=3:144
[  840639ms] [LOG] [Observability] Health Check: Online (4ms) @ http://localhost:8791/js/observability.js?v=3:144
[  870632ms] [LOG] [Observability] Health Check: Online (4ms) @ http://localhost:8791/js/observability.js?v=3:144
[  900635ms] [LOG] [Observability] Health Check: Online (6ms) @ http://localhost:8791/js/observability.js?v=3:144
[  930638ms] [LOG] [Observability] Health Check: Online (6ms) @ http://localhost:8791/js/observability.js?v=3:144
[  960642ms] [LOG] [Observability] Health Check: Online (4ms) @ http://localhost:8791/js/observability.js?v=3:144
[  990632ms] [LOG] [Observability] Health Check: Online (6ms) @ http://localhost:8791/js/observability.js?v=3:144
[ 1020641ms] [LOG] [Observability] Health Check: Online (7ms) @ http://localhost:8791/js/observability.js?v=3:144
[ 1050638ms] [LOG] [Observability] Health Check: Online (6ms) @ http://localhost:8791/js/observability.js?v=3:144
[ 1080641ms] [LOG] [Observability] Health Check: Online (5ms) @ http://localhost:8791/js/observability.js?v=3:144
[ 1110642ms] [LOG] [Observability] Health Check: Online (4ms) @ http://localhost:8791/js/observability.js?v=3:144
[ 1140649ms] [LOG] [Observability] Health Check: Online (10ms) @ http://localhost:8791/js/observability.js?v=3:144
[ 1170647ms] [LOG] [Observability] Health Check: Online (8ms) @ http://localhost:8791/js/observability.js?v=3:144
[ 1200633ms] [LOG] [Observability] Health Check: Online (6ms) @ http://localhost:8791/js/observability.js?v=3:144
[ 1230642ms] [LOG] [Observability] Health Check: Online (9ms) @ http://localhost:8791/js/observability.js?v=3:144
[ 1260639ms] [LOG] [Observability] Health Check: Online (5ms) @ http://localhost:8791/js/observability.js?v=3:144
[ 1290641ms] [LOG] [Observability] Health Check: Online (4ms) @ http://localhost:8791/js/observability.js?v=3:144
[ 1320630ms] [LOG] [Observability] Health Check: Online (4ms) @ http://localhost:8791/js/observability.js?v=3:144
[ 1350633ms] [LOG] [Observability] Health Check: Online (5ms) @ http://localhost:8791/js/observability.js?v=3:144
[ 1380648ms] [LOG] [Observability] Health Check: Online (6ms) @ http://localhost:8791/js/observability.js?v=3:144
[ 1410633ms] [LOG] [Observability] Health Check: Online (6ms) @ http://localhost:8791/js/observability.js?v=3:144
[ 1440639ms] [LOG] [Observability] Health Check: Online (4ms) @ http://localhost:8791/js/observability.js?v=3:144
[ 1470637ms] [LOG] [Observability] Health Check: Online (5ms) @ http://localhost:8791/js/observability.js?v=3:144
[ 1500653ms] [LOG] [Observability] Health Check: Online (16ms) @ http://localhost:8791/js/observability.js?v=3:144
[ 1530642ms] [LOG] [Observability] Health Check: Online (8ms) @ http://localhost:8791/js/observability.js?v=3:144
[ 1560631ms] [LOG] [Observability] Health Check: Online (5ms) @ http://localhost:8791/js/observability.js?v=3:144
[ 1590636ms] [LOG] [Observability] Health Check: Online (7ms) @ http://localhost:8791/js/observability.js?v=3:144
[ 1620644ms] [LOG] [Observability] Health Check: Online (4ms) @ http://localhost:8791/js/observability.js?v=3:144
[ 1650638ms] [LOG] [Observability] Health Check: Online (5ms) @ http://localhost:8791/js/observability.js?v=3:144
[ 1680643ms] [LOG] [Observability] Health Check: Online (7ms) @ http://localhost:8791/js/observability.js?v=3:144
[ 1710660ms] [LOG] [Observability] Health Check: Online (20ms) @ http://localhost:8791/js/observability.js?v=3:144
[ 1740641ms] [LOG] [Observability] Health Check: Online (15ms) @ http://localhost:8791/js/observability.js?v=3:144
[ 1770646ms] [LOG] [Observability] Health Check: Online (6ms) @ http://localhost:8791/js/observability.js?v=3:144
[ 1800655ms] [LOG] [Observability] Health Check: Online (14ms) @ http://localhost:8791/js/observability.js?v=3:144
[ 1830634ms] [LOG] [Observability] Health Check: Online (7ms) @ http://localhost:8791/js/observability.js?v=3:144
[ 1860657ms] [LOG] [Observability] Health Check: Online (22ms) @ http://localhost:8791/js/observability.js?v=3:144
[ 1890650ms] [LOG] [Observability] Health Check: Online (13ms) @ http://localhost:8791/js/observability.js?v=3:144
[ 1920633ms] [LOG] [Observability] Health Check: Online (4ms) @ http://localhost:8791/js/observability.js?v=3:144
[ 1950635ms] [LOG] [Observability] Health Check: Online (5ms) @ http://localhost:8791/js/observability.js?v=3:144
[ 1980642ms] [LOG] [Observability] Health Check: Online (14ms) @ http://localhost:8791/js/observability.js?v=3:144
[ 2010645ms] [LOG] [Observability] Health Check: Online (5ms) @ http://localhost:8791/js/observability.js?v=3:144
[ 2040638ms] [LOG] [Observability] Health Check: Online (10ms) @ http://localhost:8791/js/observability.js?v=3:144
[ 2070649ms] [LOG] [Observability] Health Check: Online (20ms) @ http://localhost:8791/js/observability.js?v=3:144
[ 2100653ms] [LOG] [Observability] Health Check: Online (20ms) @ http://localhost:8791/js/observability.js?v=3:144
[ 2130636ms] [LOG] [Observability] Health Check: Online (4ms) @ http://localhost:8791/js/observability.js?v=3:144
[ 2160631ms] [LOG] [Observability] Health Check: Online (4ms) @ http://localhost:8791/js/observability.js?v=3:144
[ 2190642ms] [LOG] [Observability] Health Check: Online (5ms) @ http://localhost:8791/js/observability.js?v=3:144
[ 2220650ms] [LOG] [Observability] Health Check: Online (17ms) @ http://localhost:8791/js/observability.js?v=3:144
[ 2250632ms] [LOG] [Observability] Health Check: Online (5ms) @ http://localhost:8791/js/observability.js?v=3:144
[ 2280640ms] [LOG] [Observability] Health Check: Online (9ms) @ http://localhost:8791/js/observability.js?v=3:144
[ 2310637ms] [LOG] [Observability] Health Check: Online (6ms) @ http://localhost:8791/js/observability.js?v=3:144
[ 2340657ms] [LOG] [Observability] Health Check: Online (21ms) @ http://localhost:8791/js/observability.js?v=3:144
[ 2370631ms] [LOG] [Observability] Health Check: Online (4ms) @ http://localhost:8791/js/observability.js?v=3:144
[ 2400642ms] [LOG] [Observability] Health Check: Online (6ms) @ http://localhost:8791/js/observability.js?v=3:144
[ 2430652ms] [LOG] [Observability] Health Check: Online (12ms) @ http://localhost:8791/js/observability.js?v=3:144
[ 2460637ms] [LOG] [Observability] Health Check: Online (6ms) @ http://localhost:8791/js/observability.js?v=3:144
[ 2490643ms] [LOG] [Observability] Health Check: Online (6ms) @ http://localhost:8791/js/observability.js?v=3:144
[ 2520642ms] [LOG] [Observability] Health Check: Online (6ms) @ http://localhost:8791/js/observability.js?v=3:144
[ 2550638ms] [LOG] [Observability] Health Check: Online (10ms) @ http://localhost:8791/js/observability.js?v=3:144
[ 2580642ms] [LOG] [Observability] Health Check: Online (5ms) @ http://localhost:8791/js/observability.js?v=3:144
[ 2610635ms] [LOG] [Observability] Health Check: Online (5ms) @ http://localhost:8791/js/observability.js?v=3:144
[ 2640643ms] [LOG] [Observability] Health Check: Online (10ms) @ http://localhost:8791/js/observability.js?v=3:144
[ 2670641ms] [LOG] [Observability] Health Check: Online (4ms) @ http://localhost:8791/js/observability.js?v=3:144
[ 2700634ms] [LOG] [Observability] Health Check: Online (6ms) @ http://localhost:8791/js/observability.js?v=3:144
[ 2730643ms] [LOG] [Observability] Health Check: Online (5ms) @ http://localhost:8791/js/observability.js?v=3:144
[ 2760645ms] [LOG] [Observability] Health Check: Online (7ms) @ http://localhost:8791/js/observability.js?v=3:144
[ 2790644ms] [LOG] [Observability] Health Check: Online (5ms) @ http://localhost:8791/js/observability.js?v=3:144
[ 2820648ms] [LOG] [Observability] Health Check: Online (9ms) @ http://localhost:8791/js/observability.js?v=3:144
[ 2850643ms] [LOG] [Observability] Health Check: Online (4ms) @ http://localhost:8791/js/observability.js?v=3:144
[ 2880648ms] [LOG] [Observability] Health Check: Online (7ms) @ http://localhost:8791/js/observability.js?v=3:144
[ 2910640ms] [LOG] [Observability] Health Check: Online (4ms) @ http://localhost:8791/js/observability.js?v=3:144
[ 2940642ms] [LOG] [Observability] Health Check: Online (11ms) @ http://localhost:8791/js/observability.js?v=3:144
[ 2970642ms] [LOG] [Observability] Health Check: Online (7ms) @ http://localhost:8791/js/observability.js?v=3:144
[ 3000638ms] [LOG] [Observability] Health Check: Online (7ms) @ http://localhost:8791/js/observability.js?v=3:144
[ 3030660ms] [LOG] [Observability] Health Check: Online (22ms) @ http://localhost:8791/js/observability.js?v=3:144
[ 3060642ms] [LOG] [Observability] Health Check: Online (9ms) @ http://localhost:8791/js/observability.js?v=3:144
[ 3090641ms] [LOG] [Observability] Health Check: Online (5ms) @ http://localhost:8791/js/observability.js?v=3:144
[ 3120633ms] [LOG] [Observability] Health Check: Online (4ms) @ http://localhost:8791/js/observability.js?v=3:144
[ 3150636ms] [LOG] [Observability] Health Check: Online (7ms) @ http://localhost:8791/js/observability.js?v=3:144
[ 3180659ms] [LOG] [Observability] Health Check: Online (21ms) @ http://localhost:8791/js/observability.js?v=3:144
[ 3210643ms] [LOG] [Observability] Health Check: Online (4ms) @ http://localhost:8791/js/observability.js?v=3:144
[ 3240639ms] [LOG] [Observability] Health Check: Online (6ms) @ http://localhost:8791/js/observability.js?v=3:144
[ 3270638ms] [LOG] [Observability] Health Check: Online (8ms) @ http://localhost:8791/js/observability.js?v=3:144
[ 3300643ms] [LOG] [Observability] Health Check: Online (8ms) @ http://localhost:8791/js/observability.js?v=3:144
[ 3330633ms] [LOG] [Observability] Health Check: Online (4ms) @ http://localhost:8791/js/observability.js?v=3:144
[ 3360637ms] [LOG] [Observability] Health Check: Online (7ms) @ http://localhost:8791/js/observability.js?v=3:144
[ 3390649ms] [LOG] [Observability] Health Check: Online (8ms) @ http://localhost:8791/js/observability.js?v=3:144
[ 3420640ms] [LOG] [Observability] Health Check: Online (11ms) @ http://localhost:8791/js/observability.js?v=3:144
[ 3450667ms] [LOG] [Observability] Health Check: Online (26ms) @ http://localhost:8791/js/observability.js?v=3:144
[ 3480661ms] [LOG] [Observability] Health Check: Online (28ms) @ http://localhost:8791/js/observability.js?v=3:144
[ 3510639ms] [LOG] [Observability] Health Check: Online (12ms) @ http://localhost:8791/js/observability.js?v=3:144
[ 3540646ms] [LOG] [Observability] Health Check: Online (10ms) @ http://localhost:8791/js/observability.js?v=3:144
[ 3570645ms] [LOG] [Observability] Health Check: Online (4ms) @ http://localhost:8791/js/observability.js?v=3:144
[ 3600649ms] [LOG] [Observability] Health Check: Online (8ms) @ http://localhost:8791/js/observability.js?v=3:144
[ 3630644ms] [LOG] [Observability] Health Check: Online (9ms) @ http://localhost:8791/js/observability.js?v=3:144
[ 3660636ms] [LOG] [Observability] Health Check: Online (6ms) @ http://localhost:8791/js/observability.js?v=3:144
[ 3690643ms] [LOG] [Observability] Health Check: Online (9ms) @ http://localhost:8791/js/observability.js?v=3:144
[ 3720644ms] [LOG] [Observability] Health Check: Online (14ms) @ http://localhost:8791/js/observability.js?v=3:144
[ 3750648ms] [LOG] [Observability] Health Check: Online (6ms) @ http://localhost:8791/js/observability.js?v=3:144
[ 3780640ms] [LOG] [Observability] Health Check: Online (13ms) @ http://localhost:8791/js/observability.js?v=3:144
[ 3810655ms] [LOG] [Observability] Health Check: Online (21ms) @ http://localhost:8791/js/observability.js?v=3:144
[ 3840656ms] [LOG] [Observability] Health Check: Online (27ms) @ http://localhost:8791/js/observability.js?v=3:144
[ 3870645ms] [LOG] [Observability] Health Check: Online (14ms) @ http://localhost:8791/js/observability.js?v=3:144
[ 3900645ms] [LOG] [Observability] Health Check: Online (6ms) @ http://localhost:8791/js/observability.js?v=3:144
[ 3930650ms] [LOG] [Observability] Health Check: Online (16ms) @ http://localhost:8791/js/observability.js?v=3:144
[ 3960655ms] [LOG] [Observability] Health Check: Online (25ms) @ http://localhost:8791/js/observability.js?v=3:144
[ 3990641ms] [LOG] [Observability] Health Check: Online (5ms) @ http://localhost:8791/js/observability.js?v=3:144
[ 4020672ms] [LOG] [Observability] Health Check: Online (30ms) @ http://localhost:8791/js/observability.js?v=3:144
[ 4050641ms] [LOG] [Observability] Health Check: Online (8ms) @ http://localhost:8791/js/observability.js?v=3:144
[ 4080642ms] [LOG] [Observability] Health Check: Online (13ms) @ http://localhost:8791/js/observability.js?v=3:144
[ 4110636ms] [LOG] [Observability] Health Check: Online (8ms) @ http://localhost:8791/js/observability.js?v=3:144
[ 4140645ms] [LOG] [Observability] Health Check: Online (8ms) @ http://localhost:8791/js/observability.js?v=3:144
[ 4170642ms] [LOG] [Observability] Health Check: Online (9ms) @ http://localhost:8791/js/observability.js?v=3:144
[ 4200638ms] [LOG] [Observability] Health Check: Online (7ms) @ http://localhost:8791/js/observability.js?v=3:144
[ 4230650ms] [LOG] [Observability] Health Check: Online (12ms) @ http://localhost:8791/js/observability.js?v=3:144
[ 4260644ms] [LOG] [Observability] Health Check: Online (7ms) @ http://localhost:8791/js/observability.js?v=3:144
[ 4290669ms] [LOG] [Observability] Health Check: Online (31ms) @ http://localhost:8791/js/observability.js?v=3:144
[ 4320654ms] [LOG] [Observability] Health Check: Online (23ms) @ http://localhost:8791/js/observability.js?v=3:144
[ 4350643ms] [LOG] [Observability] Health Check: Online (6ms) @ http://localhost:8791/js/observability.js?v=3:144
[ 4380640ms] [LOG] [Observability] Health Check: Online (4ms) @ http://localhost:8791/js/observability.js?v=3:144
[ 4410642ms] [LOG] [Observability] Health Check: Online (5ms) @ http://localhost:8791/js/observability.js?v=3:144
[ 4440654ms] [LOG] [Observability] Health Check: Online (24ms) @ http://localhost:8791/js/observability.js?v=3:144
[ 4470636ms] [LOG] [Observability] Health Check: Online (5ms) @ http://localhost:8791/js/observability.js?v=3:144
[ 4500644ms] [LOG] [Observability] Health Check: Online (7ms) @ http://localhost:8791/js/observability.js?v=3:144
[ 4530642ms] [LOG] [Observability] Health Check: Online (15ms) @ http://localhost:8791/js/observability.js?v=3:144
[ 4560668ms] [LOG] [Observability] Health Check: Online (41ms) @ http://localhost:8791/js/observability.js?v=3:144
[ 4590651ms] [LOG] [Observability] Health Check: Online (20ms) @ http://localhost:8791/js/observability.js?v=3:144
[ 4620646ms] [LOG] [Observability] Health Check: Online (20ms) @ http://localhost:8791/js/observability.js?v=3:144
[ 4650640ms] [LOG] [Observability] Health Check: Online (8ms) @ http://localhost:8791/js/observability.js?v=3:144
[ 4680648ms] [LOG] [Observability] Health Check: Online (7ms) @ http://localhost:8791/js/observability.js?v=3:144
[ 4710636ms] [LOG] [Observability] Health Check: Online (9ms) @ http://localhost:8791/js/observability.js?v=3:144
[ 4740651ms] [LOG] [Observability] Health Check: Online (12ms) @ http://localhost:8791/js/observability.js?v=3:144
[ 4770636ms] [LOG] [Observability] Health Check: Online (5ms) @ http://localhost:8791/js/observability.js?v=3:144
[ 4800663ms] [LOG] [Observability] Health Check: Online (24ms) @ http://localhost:8791/js/observability.js?v=3:144
[ 4830645ms] [LOG] [Observability] Health Check: Online (4ms) @ http://localhost:8791/js/observability.js?v=3:144
[ 4860649ms] [LOG] [Observability] Health Check: Online (6ms) @ http://localhost:8791/js/observability.js?v=3:144
[ 4890636ms] [LOG] [Observability] Health Check: Online (4ms) @ http://localhost:8791/js/observability.js?v=3:144
[ 4920648ms] [LOG] [Observability] Health Check: Online (10ms) @ http://localhost:8791/js/observability.js?v=3:144
[ 4950636ms] [LOG] [Observability] Health Check: Online (6ms) @ http://localhost:8791/js/observability.js?v=3:144
[ 4980638ms] [LOG] [Observability] Health Check: Online (9ms) @ http://localhost:8791/js/observability.js?v=3:144
[ 5010642ms] [LOG] [Observability] Health Check: Online (12ms) @ http://localhost:8791/js/observability.js?v=3:144
[ 5040633ms] [LOG] [Observability] Health Check: Online (4ms) @ http://localhost:8791/js/observability.js?v=3:144
[ 5070645ms] [LOG] [Observability] Health Check: Online (4ms) @ http://localhost:8791/js/observability.js?v=3:144
[ 5100642ms] [LOG] [Observability] Health Check: Online (8ms) @ http://localhost:8791/js/observability.js?v=3:144
[ 5130634ms] [LOG] [Observability] Health Check: Online (6ms) @ http://localhost:8791/js/observability.js?v=3:144
[ 5160650ms] [LOG] [Observability] Health Check: Online (9ms) @ http://localhost:8791/js/observability.js?v=3:144
[ 5190637ms] [LOG] [Observability] Health Check: Online (5ms) @ http://localhost:8791/js/observability.js?v=3:144
[ 5220640ms] [LOG] [Observability] Health Check: Online (9ms) @ http://localhost:8791/js/observability.js?v=3:144
[ 5250644ms] [LOG] [Observability] Health Check: Online (11ms) @ http://localhost:8791/js/observability.js?v=3:144
[ 5280649ms] [LOG] [Observability] Health Check: Online (7ms) @ http://localhost:8791/js/observability.js?v=3:144
[ 5310636ms] [LOG] [Observability] Health Check: Online (5ms) @ http://localhost:8791/js/observability.js?v=3:144
[ 5340659ms] [LOG] [Observability] Health Check: Online (28ms) @ http://localhost:8791/js/observability.js?v=3:144
[ 5370642ms] [LOG] [Observability] Health Check: Online (6ms) @ http://localhost:8791/js/observability.js?v=3:144
[ 5400646ms] [LOG] [Observability] Health Check: Online (11ms) @ http://localhost:8791/js/observability.js?v=3:144
[ 5430655ms] [LOG] [Observability] Health Check: Online (20ms) @ http://localhost:8791/js/observability.js?v=3:144
[ 5460633ms] [LOG] [Observability] Health Check: Online (5ms) @ http://localhost:8791/js/observability.js?v=3:144
[ 5490656ms] [LOG] [Observability] Health Check: Online (15ms) @ http://localhost:8791/js/observability.js?v=3:144
[ 5520641ms] [LOG] [Observability] Health Check: Online (4ms) @ http://localhost:8791/js/observability.js?v=3:144
[ 5550652ms] [LOG] [Observability] Health Check: Online (13ms) @ http://localhost:8791/js/observability.js?v=3:144
[ 5580631ms] [LOG] [Observability] Health Check: Online (5ms) @ http://localhost:8791/js/observability.js?v=3:144
[ 5610649ms] [LOG] [Observability] Health Check: Online (10ms) @ http://localhost:8791/js/observability.js?v=3:144
[ 5640631ms] [LOG] [Observability] Health Check: Online (4ms) @ http://localhost:8791/js/observability.js?v=3:144
[ 5670662ms] [LOG] [Observability] Health Check: Online (26ms) @ http://localhost:8791/js/observability.js?v=3:144
[ 5700633ms] [LOG] [Observability] Health Check: Online (6ms) @ http://localhost:8791/js/observability.js?v=3:144
[ 5730646ms] [LOG] [Observability] Health Check: Online (8ms) @ http://localhost:8791/js/observability.js?v=3:144
[ 5760636ms] [LOG] [Observability] Health Check: Online (8ms) @ http://localhost:8791/js/observability.js?v=3:144
[ 5790652ms] [LOG] [Observability] Health Check: Online (24ms) @ http://localhost:8791/js/observability.js?v=3:144
[ 5820649ms] [LOG] [Observability] Health Check: Online (10ms) @ http://localhost:8791/js/observability.js?v=3:144
[ 5850632ms] [LOG] [Observability] Health Check: Online (5ms) @ http://localhost:8791/js/observability.js?v=3:144
[ 5880643ms] [LOG] [Observability] Health Check: Online (9ms) @ http://localhost:8791/js/observability.js?v=3:144
[ 5910633ms] [LOG] [Observability] Health Check: Online (4ms) @ http://localhost:8791/js/observability.js?v=3:144
[ 5940636ms] [LOG] [Observability] Health Check: Online (9ms) @ http://localhost:8791/js/observability.js?v=3:144
[ 5970645ms] [LOG] [Observability] Health Check: Online (4ms) @ http://localhost:8791/js/observability.js?v=3:144
[ 6000640ms] [LOG] [Observability] Health Check: Online (10ms) @ http://localhost:8791/js/observability.js?v=3:144
[ 6030646ms] [LOG] [Observability] Health Check: Online (4ms) @ http://localhost:8791/js/observability.js?v=3:144
[ 6060638ms] [LOG] [Observability] Health Check: Online (4ms) @ http://localhost:8791/js/observability.js?v=3:144
[ 6090669ms] [LOG] [Observability] Health Check: Online (29ms) @ http://localhost:8791/js/observability.js?v=3:144
[ 6120634ms] [LOG] [Observability] Health Check: Online (8ms) @ http://localhost:8791/js/observability.js?v=3:144
[ 6150647ms] [LOG] [Observability] Health Check: Online (6ms) @ http://localhost:8791/js/observability.js?v=3:144
[ 6180643ms] [LOG] [Observability] Health Check: Online (9ms) @ http://localhost:8791/js/observability.js?v=3:144
[ 6210637ms] [LOG] [Observability] Health Check: Online (4ms) @ http://localhost:8791/js/observability.js?v=3:144
[ 6240639ms] [LOG] [Observability] Health Check: Online (6ms) @ http://localhost:8791/js/observability.js?v=3:144
[ 6270644ms] [LOG] [Observability] Health Check: Online (5ms) @ http://localhost:8791/js/observability.js?v=3:144
[ 6300645ms] [LOG] [Observability] Health Check: Online (8ms) @ http://localhost:8791/js/observability.js?v=3:144
[ 6330642ms] [LOG] [Observability] Health Check: Online (7ms) @ http://localhost:8791/js/observability.js?v=3:144
[ 6360638ms] [LOG] [Observability] Health Check: Online (5ms) @ http://localhost:8791/js/observability.js?v=3:144
[ 6390638ms] [LOG] [Observability] Health Check: Online (6ms) @ http://localhost:8791/js/observability.js?v=3:144
[ 6420636ms] [LOG] [Observability] Health Check: Online (4ms) @ http://localhost:8791/js/observability.js?v=3:144
[ 6450648ms] [LOG] [Observability] Health Check: Online (9ms) @ http://localhost:8791/js/observability.js?v=3:144
[ 6480649ms] [LOG] [Observability] Health Check: Online (12ms) @ http://localhost:8791/js/observability.js?v=3:144
[ 6510649ms] [LOG] [Observability] Health Check: Online (16ms) @ http://localhost:8791/js/observability.js?v=3:144
[ 6540639ms] [LOG] [Observability] Health Check: Online (13ms) @ http://localhost:8791/js/observability.js?v=3:144
[ 6570642ms] [LOG] [Observability] Health Check: Online (14ms) @ http://localhost:8791/js/observability.js?v=3:144
[ 6600633ms] [LOG] [Observability] Health Check: Online (5ms) @ http://localhost:8791/js/observability.js?v=3:144
[ 6630644ms] [LOG] [Observability] Health Check: Online (15ms) @ http://localhost:8791/js/observability.js?v=3:144
[ 6660647ms] [LOG] [Observability] Health Check: Online (6ms) @ http://localhost:8791/js/observability.js?v=3:144
[ 6690639ms] [LOG] [Observability] Health Check: Online (8ms) @ http://localhost:8791/js/observability.js?v=3:144
[ 6720654ms] [LOG] [Observability] Health Check: Online (17ms) @ http://localhost:8791/js/observability.js?v=3:144
[ 6750660ms] [LOG] [Observability] Health Check: Online (19ms) @ http://localhost:8791/js/observability.js?v=3:144
[ 6780654ms] [LOG] [Observability] Health Check: Online (20ms) @ http://localhost:8791/js/observability.js?v=3:144
[ 6810647ms] [LOG] [Observability] Health Check: Online (12ms) @ http://localhost:8791/js/observability.js?v=3:144
[ 6840650ms] [LOG] [Observability] Health Check: Online (12ms) @ http://localhost:8791/js/observability.js?v=3:144
[ 6870639ms] [LOG] [Observability] Health Check: Online (4ms) @ http://localhost:8791/js/observability.js?v=3:144
[ 6900631ms] [LOG] [Observability] Health Check: Online (3ms) @ http://localhost:8791/js/observability.js?v=3:144
[ 6930642ms] [LOG] [Observability] Health Check: Online (4ms) @ http://localhost:8791/js/observability.js?v=3:144
[ 6960638ms] [LOG] [Observability] Health Check: Online (4ms) @ http://localhost:8791/js/observability.js?v=3:144
[ 6990634ms] [LOG] [Observability] Health Check: Online (6ms) @ http://localhost:8791/js/observability.js?v=3:144
[ 7020649ms] [LOG] [Observability] Health Check: Online (10ms) @ http://localhost:8791/js/observability.js?v=3:144
[ 7050659ms] [LOG] [Observability] Health Check: Online (28ms) @ http://localhost:8791/js/observability.js?v=3:144
[ 7080640ms] [LOG] [Observability] Health Check: Online (6ms) @ http://localhost:8791/js/observability.js?v=3:144
[ 7110634ms] [LOG] [Observability] Health Check: Online (5ms) @ http://localhost:8791/js/observability.js?v=3:144
[ 7140638ms] [LOG] [Observability] Health Check: Online (9ms) @ http://localhost:8791/js/observability.js?v=3:144
[ 7170674ms] [LOG] [Observability] Health Check: Online (33ms) @ http://localhost:8791/js/observability.js?v=3:144
[ 7200635ms] [LOG] [Observability] Health Check: Online (6ms) @ http://localhost:8791/js/observability.js?v=3:144
[ 7230643ms] [LOG] [Observability] Health Check: Online (11ms) @ http://localhost:8791/js/observability.js?v=3:144
[ 7260645ms] [LOG] [Observability] Health Check: Online (7ms) @ http://localhost:8791/js/observability.js?v=3:144
[ 7290650ms] [LOG] [Observability] Health Check: Online (9ms) @ http://localhost:8791/js/observability.js?v=3:144
[ 7320634ms] [LOG] [Observability] Health Check: Online (7ms) @ http://localhost:8791/js/observability.js?v=3:144
[ 7350646ms] [LOG] [Observability] Health Check: Online (8ms) @ http://localhost:8791/js/observability.js?v=3:144
[ 7380653ms] [LOG] [Observability] Health Check: Online (11ms) @ http://localhost:8791/js/observability.js?v=3:144
[ 7410642ms] [LOG] [Observability] Health Check: Online (4ms) @ http://localhost:8791/js/observability.js?v=3:144
[ 7440635ms] [LOG] [Observability] Health Check: Online (6ms) @ http://localhost:8791/js/observability.js?v=3:144
[ 7470644ms] [LOG] [Observability] Health Check: Online (10ms) @ http://localhost:8791/js/observability.js?v=3:144
[ 7500637ms] [LOG] [Observability] Health Check: Online (10ms) @ http://localhost:8791/js/observability.js?v=3:144
[ 7530643ms] [LOG] [Observability] Health Check: Online (6ms) @ http://localhost:8791/js/observability.js?v=3:144
[ 7560635ms] [LOG] [Observability] Health Check: Online (4ms) @ http://localhost:8791/js/observability.js?v=3:144
[ 7590643ms] [LOG] [Observability] Health Check: Online (6ms) @ http://localhost:8791/js/observability.js?v=3:144
[ 7620642ms] [LOG] [Observability] Health Check: Online (9ms) @ http://localhost:8791/js/observability.js?v=3:144
[ 7650644ms] [LOG] [Observability] Health Check: Online (10ms) @ http://localhost:8791/js/observability.js?v=3:144
[ 7680642ms] [LOG] [Observability] Health Check: Online (7ms) @ http://localhost:8791/js/observability.js?v=3:144
[ 7710642ms] [LOG] [Observability] Health Check: Online (13ms) @ http://localhost:8791/js/observability.js?v=3:144
[ 7740649ms] [LOG] [Observability] Health Check: Online (21ms) @ http://localhost:8791/js/observability.js?v=3:144
[ 7770631ms] [LOG] [Observability] Health Check: Online (5ms) @ http://localhost:8791/js/observability.js?v=3:144
[ 7800630ms] [LOG] [Observability] Health Check: Online (4ms) @ http://localhost:8791/js/observability.js?v=3:144
[ 7830637ms] [LOG] [Observability] Health Check: Online (7ms) @ http://localhost:8791/js/observability.js?v=3:144
[ 7860639ms] [LOG] [Observability] Health Check: Online (12ms) @ http://localhost:8791/js/observability.js?v=3:144
[ 7890645ms] [LOG] [Observability] Health Check: Online (4ms) @ http://localhost:8791/js/observability.js?v=3:144
[ 7920665ms] [LOG] [Observability] Health Check: Online (27ms) @ http://localhost:8791/js/observability.js?v=3:144
[ 7950652ms] [LOG] [Observability] Health Check: Online (19ms) @ http://localhost:8791/js/observability.js?v=3:144
[ 7980644ms] [LOG] [Observability] Health Check: Online (6ms) @ http://localhost:8791/js/observability.js?v=3:144
[ 8010647ms] [LOG] [Observability] Health Check: Online (7ms) @ http://localhost:8791/js/observability.js?v=3:144
[ 8040652ms] [LOG] [Observability] Health Check: Online (25ms) @ http://localhost:8791/js/observability.js?v=3:144
[ 8070648ms] [LOG] [Observability] Health Check: Online (7ms) @ http://localhost:8791/js/observability.js?v=3:144
[ 8100630ms] [LOG] [Observability] Health Check: Online (4ms) @ http://localhost:8791/js/observability.js?v=3:144
[ 8130632ms] [LOG] [Observability] Health Check: Online (4ms) @ http://localhost:8791/js/observability.js?v=3:144
[ 8160632ms] [LOG] [Observability] Health Check: Online (4ms) @ http://localhost:8791/js/observability.js?v=3:144
[ 8190638ms] [LOG] [Observability] Health Check: Online (4ms) @ http://localhost:8791/js/observability.js?v=3:144
[ 8220631ms] [LOG] [Observability] Health Check: Online (4ms) @ http://localhost:8791/js/observability.js?v=3:144
[ 8250634ms] [LOG] [Observability] Health Check: Online (4ms) @ http://localhost:8791/js/observability.js?v=3:144
[ 8280640ms] [LOG] [Observability] Health Check: Online (4ms) @ http://localhost:8791/js/observability.js?v=3:144
[ 8310641ms] [LOG] [Observability] Health Check: Online (5ms) @ http://localhost:8791/js/observability.js?v=3:144
[ 8340643ms] [LOG] [Observability] Health Check: Online (4ms) @ http://localhost:8791/js/observability.js?v=3:144
[ 8370642ms] [LOG] [Observability] Health Check: Online (4ms) @ http://localhost:8791/js/observability.js?v=3:144
[ 8400644ms] [LOG] [Observability] Health Check: Online (4ms) @ http://localhost:8791/js/observability.js?v=3:144
[ 8430643ms] [LOG] [Observability] Health Check: Online (5ms) @ http://localhost:8791/js/observability.js?v=3:144
[ 8460639ms] [LOG] [Observability] Health Check: Online (4ms) @ http://localhost:8791/js/observability.js?v=3:144
[ 8490639ms] [LOG] [Observability] Health Check: Online (4ms) @ http://localhost:8791/js/observability.js?v=3:144
[ 8520636ms] [LOG] [Observability] Health Check: Online (4ms) @ http://localhost:8791/js/observability.js?v=3:144
[ 8550637ms] [LOG] [Observability] Health Check: Online (5ms) @ http://localhost:8791/js/observability.js?v=3:144
[ 8580645ms] [LOG] [Observability] Health Check: Online (4ms) @ http://localhost:8791/js/observability.js?v=3:144
[ 8610644ms] [LOG] [Observability] Health Check: Online (5ms) @ http://localhost:8791/js/observability.js?v=3:144
[ 8640642ms] [LOG] [Observability] Health Check: Online (4ms) @ http://localhost:8791/js/observability.js?v=3:144
[ 8670635ms] [LOG] [Observability] Health Check: Online (4ms) @ http://localhost:8791/js/observability.js?v=3:144
[ 8700638ms] [LOG] [Observability] Health Check: Online (4ms) @ http://localhost:8791/js/observability.js?v=3:144
[ 8730635ms] [LOG] [Observability] Health Check: Online (4ms) @ http://localhost:8791/js/observability.js?v=3:144
[ 8760642ms] [LOG] [Observability] Health Check: Online (4ms) @ http://localhost:8791/js/observability.js?v=3:144
[ 8790640ms] [LOG] [Observability] Health Check: Online (4ms) @ http://localhost:8791/js/observability.js?v=3:144
[ 8820640ms] [LOG] [Observability] Health Check: Online (5ms) @ http://localhost:8791/js/observability.js?v=3:144
[ 8850639ms] [LOG] [Observability] Health Check: Online (4ms) @ http://localhost:8791/js/observability.js?v=3:144
[ 8880638ms] [LOG] [Observability] Health Check: Online (8ms) @ http://localhost:8791/js/observability.js?v=3:144
[ 8910667ms] [LOG] [Observability] Health Check: Online (38ms) @ http://localhost:8791/js/observability.js?v=3:144
[ 8940710ms] [LOG] [Observability] Health Check: Online (70ms) @ http://localhost:8791/js/observability.js?v=3:144
[ 8970645ms] [LOG] [Observability] Health Check: Online (4ms) @ http://localhost:8791/js/observability.js?v=3:144
[ 9000646ms] [LOG] [Observability] Health Check: Online (19ms) @ http://localhost:8791/js/observability.js?v=3:144
[ 9030650ms] [LOG] [Observability] Health Check: Online (14ms) @ http://localhost:8791/js/observability.js?v=3:144
[ 9060635ms] [LOG] [Observability] Health Check: Online (8ms) @ http://localhost:8791/js/observability.js?v=3:144
[ 9090642ms] [LOG] [Observability] Health Check: Online (8ms) @ http://localhost:8791/js/observability.js?v=3:144
[ 9120645ms] [LOG] [Observability] Health Check: Online (8ms) @ http://localhost:8791/js/observability.js?v=3:144
[ 9150668ms] [LOG] [Observability] Health Check: Online (28ms) @ http://localhost:8791/js/observability.js?v=3:144
[ 9180665ms] [LOG] [Observability] Health Check: Online (37ms) @ http://localhost:8791/js/observability.js?v=3:144
[ 9210639ms] [LOG] [Observability] Health Check: Online (5ms) @ http://localhost:8791/js/observability.js?v=3:144
[ 9240652ms] [LOG] [Observability] Health Check: Online (17ms) @ http://localhost:8791/js/observability.js?v=3:144
[ 9270634ms] [LOG] [Observability] Health Check: Online (5ms) @ http://localhost:8791/js/observability.js?v=3:144
[ 9300661ms] [LOG] [Observability] Health Check: Online (25ms) @ http://localhost:8791/js/observability.js?v=3:144
[ 9330633ms] [LOG] [Observability] Health Check: Online (4ms) @ http://localhost:8791/js/observability.js?v=3:144
[ 9360644ms] [LOG] [Observability] Health Check: Online (9ms) @ http://localhost:8791/js/observability.js?v=3:144
[ 9390646ms] [LOG] [Observability] Health Check: Online (5ms) @ http://localhost:8791/js/observability.js?v=3:144
[ 9420652ms] [LOG] [Observability] Health Check: Online (25ms) @ http://localhost:8791/js/observability.js?v=3:144
[ 9450644ms] [LOG] [Observability] Health Check: Online (17ms) @ http://localhost:8791/js/observability.js?v=3:144
[ 9480641ms] [LOG] [Observability] Health Check: Online (11ms) @ http://localhost:8791/js/observability.js?v=3:144
[ 9510636ms] [LOG] [Observability] Health Check: Online (4ms) @ http://localhost:8791/js/observability.js?v=3:144
[ 9540634ms] [LOG] [Observability] Health Check: Online (7ms) @ http://localhost:8791/js/observability.js?v=3:144
[ 9570634ms] [LOG] [Observability] Health Check: Online (4ms) @ http://localhost:8791/js/observability.js?v=3:144
[ 9600663ms] [LOG] [Observability] Health Check: Online (26ms) @ http://localhost:8791/js/observability.js?v=3:144
[ 9630636ms] [LOG] [Observability] Health Check: Online (6ms) @ http://localhost:8791/js/observability.js?v=3:144
[ 9660631ms] [LOG] [Observability] Health Check: Online (5ms) @ http://localhost:8791/js/observability.js?v=3:144
[ 9690642ms] [LOG] [Observability] Health Check: Online (7ms) @ http://localhost:8791/js/observability.js?v=3:144
[ 9720644ms] [LOG] [Observability] Health Check: Online (13ms) @ http://localhost:8791/js/observability.js?v=3:144
[ 9750644ms] [LOG] [Observability] Health Check: Online (7ms) @ http://localhost:8791/js/observability.js?v=3:144
[ 9780652ms] [LOG] [Observability] Health Check: Online (18ms) @ http://localhost:8791/js/observability.js?v=3:144
[ 9810658ms] [LOG] [Observability] Health Check: Online (21ms) @ http://localhost:8791/js/observability.js?v=3:144
[ 9840649ms] [LOG] [Observability] Health Check: Online (18ms) @ http://localhost:8791/js/observability.js?v=3:144
[ 9870634ms] [LOG] [Observability] Health Check: Online (6ms) @ http://localhost:8791/js/observability.js?v=3:144
[ 9900643ms] [LOG] [Observability] Health Check: Online (7ms) @ http://localhost:8791/js/observability.js?v=3:144
[ 9930639ms] [LOG] [Observability] Health Check: Online (8ms) @ http://localhost:8791/js/observability.js?v=3:144
[ 9960650ms] [LOG] [Observability] Health Check: Online (21ms) @ http://localhost:8791/js/observability.js?v=3:144
[ 9990650ms] [LOG] [Observability] Health Check: Online (9ms) @ http://localhost:8791/js/observability.js?v=3:144
[10020658ms] [LOG] [Observability] Health Check: Online (19ms) @ http://localhost:8791/js/observability.js?v=3:144
[10050662ms] [LOG] [Observability] Health Check: Online (34ms) @ http://localhost:8791/js/observability.js?v=3:144
[10080652ms] [LOG] [Observability] Health Check: Online (21ms) @ http://localhost:8791/js/observability.js?v=3:144
[10110734ms] [LOG] [Observability] Health Check: Online (97ms) @ http://localhost:8791/js/observability.js?v=3:144
[10140636ms] [LOG] [Observability] Health Check: Online (4ms) @ http://localhost:8791/js/observability.js?v=3:144
[10170631ms] [LOG] [Observability] Health Check: Online (5ms) @ http://localhost:8791/js/observability.js?v=3:144
[10200651ms] [LOG] [Observability] Health Check: Online (13ms) @ http://localhost:8791/js/observability.js?v=3:144
[10230633ms] [LOG] [Observability] Health Check: Online (5ms) @ http://localhost:8791/js/observability.js?v=3:144
[10260638ms] [LOG] [Observability] Health Check: Online (9ms) @ http://localhost:8791/js/observability.js?v=3:144
[10290665ms] [LOG] [Observability] Health Check: Online (37ms) @ http://localhost:8791/js/observability.js?v=3:144
[10320636ms] [LOG] [Observability] Health Check: Online (6ms) @ http://localhost:8791/js/observability.js?v=3:144
[10350651ms] [LOG] [Observability] Health Check: Online (14ms) @ http://localhost:8791/js/observability.js?v=3:144
[10380650ms] [LOG] [Observability] Health Check: Online (15ms) @ http://localhost:8791/js/observability.js?v=3:144
[10410647ms] [LOG] [Observability] Health Check: Online (7ms) @ http://localhost:8791/js/observability.js?v=3:144
[10440658ms] [LOG] [Observability] Health Check: Online (18ms) @ http://localhost:8791/js/observability.js?v=3:144
[10470634ms] [LOG] [Observability] Health Check: Online (5ms) @ http://localhost:8791/js/observability.js?v=3:144
[10500641ms] [LOG] [Observability] Health Check: Online (5ms) @ http://localhost:8791/js/observability.js?v=3:144
[10530641ms] [LOG] [Observability] Health Check: Online (9ms) @ http://localhost:8791/js/observability.js?v=3:144
[10560643ms] [LOG] [Observability] Health Check: Online (11ms) @ http://localhost:8791/js/observability.js?v=3:144
[10590636ms] [LOG] [Observability] Health Check: Online (7ms) @ http://localhost:8791/js/observability.js?v=3:144
[10620646ms] [LOG] [Observability] Health Check: Online (17ms) @ http://localhost:8791/js/observability.js?v=3:144
[10650638ms] [LOG] [Observability] Health Check: Online (11ms) @ http://localhost:8791/js/observability.js?v=3:144
[10680638ms] [LOG] [Observability] Health Check: Online (9ms) @ http://localhost:8791/js/observability.js?v=3:144
[10710647ms] [LOG] [Observability] Health Check: Online (7ms) @ http://localhost:8791/js/observability.js?v=3:144
[10740638ms] [LOG] [Observability] Health Check: Online (8ms) @ http://localhost:8791/js/observability.js?v=3:144
[10770640ms] [LOG] [Observability] Health Check: Online (7ms) @ http://localhost:8791/js/observability.js?v=3:144
[10800636ms] [LOG] [Observability] Health Check: Online (6ms) @ http://localhost:8791/js/observability.js?v=3:144
[10830641ms] [LOG] [Observability] Health Check: Online (12ms) @ http://localhost:8791/js/observability.js?v=3:144
[10860644ms] [LOG] [Observability] Health Check: Online (13ms) @ http://localhost:8791/js/observability.js?v=3:144
[10890639ms] [LOG] [Observability] Health Check: Online (8ms) @ http://localhost:8791/js/observability.js?v=3:144
[10920644ms] [LOG] [Observability] Health Check: Online (12ms) @ http://localhost:8791/js/observability.js?v=3:144
[10950654ms] [LOG] [Observability] Health Check: Online (12ms) @ http://localhost:8791/js/observability.js?v=3:144
[10980656ms] [LOG] [Observability] Health Check: Online (16ms) @ http://localhost:8791/js/observability.js?v=3:144
[11010654ms] [LOG] [Observability] Health Check: Online (20ms) @ http://localhost:8791/js/observability.js?v=3:144
[11040649ms] [LOG] [Observability] Health Check: Online (7ms) @ http://localhost:8791/js/observability.js?v=3:144
[11070636ms] [LOG] [Observability] Health Check: Online (4ms) @ http://localhost:8791/js/observability.js?v=3:144
[11100654ms] [LOG] [Observability] Health Check: Online (25ms) @ http://localhost:8791/js/observability.js?v=3:144
[11130646ms] [LOG] [Observability] Health Check: Online (6ms) @ http://localhost:8791/js/observability.js?v=3:144
[11160632ms] [LOG] [Observability] Health Check: Online (5ms) @ http://localhost:8791/js/observability.js?v=3:144
[11190633ms] [LOG] [Observability] Health Check: Online (7ms) @ http://localhost:8791/js/observability.js?v=3:144
[11220636ms] [LOG] [Observability] Health Check: Online (6ms) @ http://localhost:8791/js/observability.js?v=3:144
[11250644ms] [LOG] [Observability] Health Check: Online (13ms) @ http://localhost:8791/js/observability.js?v=3:144
[11280660ms] [LOG] [Observability] Health Check: Online (28ms) @ http://localhost:8791/js/observability.js?v=3:144
[11310640ms] [LOG] [Observability] Health Check: Online (5ms) @ http://localhost:8791/js/observability.js?v=3:144
[11340633ms] [LOG] [Observability] Health Check: Online (7ms) @ http://localhost:8791/js/observability.js?v=3:144
[11370637ms] [LOG] [Observability] Health Check: Online (4ms) @ http://localhost:8791/js/observability.js?v=3:144
[11400652ms] [LOG] [Observability] Health Check: Online (15ms) @ http://localhost:8791/js/observability.js?v=3:144
[11430638ms] [LOG] [Observability] Health Check: Online (10ms) @ http://localhost:8791/js/observability.js?v=3:144
[11460657ms] [LOG] [Observability] Health Check: Online (22ms) @ http://localhost:8791/js/observability.js?v=3:144
[11490636ms] [LOG] [Observability] Health Check: Online (5ms) @ http://localhost:8791/js/observability.js?v=3:144
[11520634ms] [LOG] [Observability] Health Check: Online (6ms) @ http://localhost:8791/js/observability.js?v=3:144
[11550633ms] [LOG] [Observability] Health Check: Online (6ms) @ http://localhost:8791/js/observability.js?v=3:144
[11580644ms] [LOG] [Observability] Health Check: Online (6ms) @ http://localhost:8791/js/observability.js?v=3:144
[11610638ms] [LOG] [Observability] Health Check: Online (10ms) @ http://localhost:8791/js/observability.js?v=3:144
[11640651ms] [LOG] [Observability] Health Check: Online (13ms) @ http://localhost:8791/js/observability.js?v=3:144
[11670643ms] [LOG] [Observability] Health Check: Online (8ms) @ http://localhost:8791/js/observability.js?v=3:144
[11700655ms] [LOG] [Observability] Health Check: Online (21ms) @ http://localhost:8791/js/observability.js?v=3:144
[11730644ms] [LOG] [Observability] Health Check: Online (4ms) @ http://localhost:8791/js/observability.js?v=3:144
[11760640ms] [LOG] [Observability] Health Check: Online (9ms) @ http://localhost:8791/js/observability.js?v=3:144
[11790787ms] [LOG] [Observability] Health Check: Online (152ms) @ http://localhost:8791/js/observability.js?v=3:144
[11820661ms] [LOG] [Observability] Health Check: Online (22ms) @ http://localhost:8791/js/observability.js?v=3:144
[11850647ms] [LOG] [Observability] Health Check: Online (7ms) @ http://localhost:8791/js/observability.js?v=3:144
[11880641ms] [LOG] [Observability] Health Check: Online (9ms) @ http://localhost:8791/js/observability.js?v=3:144
[11910654ms] [LOG] [Observability] Health Check: Online (20ms) @ http://localhost:8791/js/observability.js?v=3:144
[11940642ms] [LOG] [Observability] Health Check: Online (5ms) @ http://localhost:8791/js/observability.js?v=3:144
[11970641ms] [LOG] [Observability] Health Check: Online (12ms) @ http://localhost:8791/js/observability.js?v=3:144
[12000633ms] [LOG] [Observability] Health Check: Online (5ms) @ http://localhost:8791/js/observability.js?v=3:144
[12030644ms] [LOG] [Observability] Health Check: Online (14ms) @ http://localhost:8791/js/observability.js?v=3:144
[12060644ms] [LOG] [Observability] Health Check: Online (9ms) @ http://localhost:8791/js/observability.js?v=3:144
[12090635ms] [LOG] [Observability] Health Check: Online (4ms) @ http://localhost:8791/js/observability.js?v=3:144
[12120637ms] [LOG] [Observability] Health Check: Online (6ms) @ http://localhost:8791/js/observability.js?v=3:144
[12150643ms] [LOG] [Observability] Health Check: Online (8ms) @ http://localhost:8791/js/observability.js?v=3:144
[12180631ms] [LOG] [Observability] Health Check: Online (4ms) @ http://localhost:8791/js/observability.js?v=3:144
[12210644ms] [LOG] [Observability] Health Check: Online (15ms) @ http://localhost:8791/js/observability.js?v=3:144
[12240639ms] [LOG] [Observability] Health Check: Online (6ms) @ http://localhost:8791/js/observability.js?v=3:144
[12270637ms] [LOG] [Observability] Health Check: Online (6ms) @ http://localhost:8791/js/observability.js?v=3:144
[12300635ms] [LOG] [Observability] Health Check: Online (6ms) @ http://localhost:8791/js/observability.js?v=3:144
[12330639ms] [LOG] [Observability] Health Check: Online (5ms) @ http://localhost:8791/js/observability.js?v=3:144
[12360644ms] [LOG] [Observability] Health Check: Online (7ms) @ http://localhost:8791/js/observability.js?v=3:144
[12390642ms] [LOG] [Observability] Health Check: Online (9ms) @ http://localhost:8791/js/observability.js?v=3:144
[12420637ms] [LOG] [Observability] Health Check: Online (4ms) @ http://localhost:8791/js/observability.js?v=3:144
[12450642ms] [LOG] [Observability] Health Check: Online (6ms) @ http://localhost:8791/js/observability.js?v=3:144
[12480636ms] [LOG] [Observability] Health Check: Online (8ms) @ http://localhost:8791/js/observability.js?v=3:144
[12510644ms] [LOG] [Observability] Health Check: Online (13ms) @ http://localhost:8791/js/observability.js?v=3:144
[12540632ms] [LOG] [Observability] Health Check: Online (5ms) @ http://localhost:8791/js/observability.js?v=3:144
[12570640ms] [LOG] [Observability] Health Check: Online (5ms) @ http://localhost:8791/js/observability.js?v=3:144
[12600644ms] [LOG] [Observability] Health Check: Online (13ms) @ http://localhost:8791/js/observability.js?v=3:144
[12630651ms] [LOG] [Observability] Health Check: Online (20ms) @ http://localhost:8791/js/observability.js?v=3:144
[12660641ms] [LOG] [Observability] Health Check: Online (7ms) @ http://localhost:8791/js/observability.js?v=3:144
[12690643ms] [LOG] [Observability] Health Check: Online (8ms) @ http://localhost:8791/js/observability.js?v=3:144
[12720630ms] [LOG] [Observability] Health Check: Online (3ms) @ http://localhost:8791/js/observability.js?v=3:144
[12750656ms] [LOG] [Observability] Health Check: Online (28ms) @ http://localhost:8791/js/observability.js?v=3:144
[12780642ms] [LOG] [Observability] Health Check: Online (4ms) @ http://localhost:8791/js/observability.js?v=3:144
[12810637ms] [LOG] [Observability] Health Check: Online (11ms) @ http://localhost:8791/js/observability.js?v=3:144
[12840685ms] [LOG] [Observability] Health Check: Online (53ms) @ http://localhost:8791/js/observability.js?v=3:144
[12870649ms] [LOG] [Observability] Health Check: Online (8ms) @ http://localhost:8791/js/observability.js?v=3:144
[12900660ms] [LOG] [Observability] Health Check: Online (27ms) @ http://localhost:8791/js/observability.js?v=3:144
[12930641ms] [LOG] [Observability] Health Check: Online (4ms) @ http://localhost:8791/js/observability.js?v=3:144
[12960635ms] [LOG] [Observability] Health Check: Online (8ms) @ http://localhost:8791/js/observability.js?v=3:144
[12990639ms] [LOG] [Observability] Health Check: Online (5ms) @ http://localhost:8791/js/observability.js?v=3:144
[13020639ms] [LOG] [Observability] Health Check: Online (6ms) @ http://localhost:8791/js/observability.js?v=3:144
[13050642ms] [LOG] [Observability] Health Check: Online (6ms) @ http://localhost:8791/js/observability.js?v=3:144
[13080647ms] [LOG] [Observability] Health Check: Online (7ms) @ http://localhost:8791/js/observability.js?v=3:144
[13110645ms] [LOG] [Observability] Health Check: Online (10ms) @ http://localhost:8791/js/observability.js?v=3:144
[13140655ms] [LOG] [Observability] Health Check: Online (26ms) @ http://localhost:8791/js/observability.js?v=3:144
[13170634ms] [LOG] [Observability] Health Check: Online (4ms) @ http://localhost:8791/js/observability.js?v=3:144
[13200648ms] [LOG] [Observability] Health Check: Online (9ms) @ http://localhost:8791/js/observability.js?v=3:144
[13230639ms] [LOG] [Observability] Health Check: Online (7ms) @ http://localhost:8791/js/observability.js?v=3:144
[13260632ms] [LOG] [Observability] Health Check: Online (4ms) @ http://localhost:8791/js/observability.js?v=3:144
[13290640ms] [LOG] [Observability] Health Check: Online (9ms) @ http://localhost:8791/js/observability.js?v=3:144
[13320641ms] [LOG] [Observability] Health Check: Online (5ms) @ http://localhost:8791/js/observability.js?v=3:144
[13350640ms] [LOG] [Observability] Health Check: Online (9ms) @ http://localhost:8791/js/observability.js?v=3:144
[13380650ms] [LOG] [Observability] Health Check: Online (13ms) @ http://localhost:8791/js/observability.js?v=3:144
[13410639ms] [LOG] [Observability] Health Check: Online (6ms) @ http://localhost:8791/js/observability.js?v=3:144
[13440646ms] [LOG] [Observability] Health Check: Online (12ms) @ http://localhost:8791/js/observability.js?v=3:144
[13470641ms] [LOG] [Observability] Health Check: Online (5ms) @ http://localhost:8791/js/observability.js?v=3:144
[13500640ms] [LOG] [Observability] Health Check: Online (4ms) @ http://localhost:8791/js/observability.js?v=3:144
[13530646ms] [LOG] [Observability] Health Check: Online (13ms) @ http://localhost:8791/js/observability.js?v=3:144
[13560649ms] [LOG] [Observability] Health Check: Online (12ms) @ http://localhost:8791/js/observability.js?v=3:144
[13590646ms] [LOG] [Observability] Health Check: Online (14ms) @ http://localhost:8791/js/observability.js?v=3:144
[13620644ms] [LOG] [Observability] Health Check: Online (16ms) @ http://localhost:8791/js/observability.js?v=3:144
[13650640ms] [LOG] [Observability] Health Check: Online (6ms) @ http://localhost:8791/js/observability.js?v=3:144
[13680637ms] [LOG] [Observability] Health Check: Online (5ms) @ http://localhost:8791/js/observability.js?v=3:144
[13710645ms] [LOG] [Observability] Health Check: Online (10ms) @ http://localhost:8791/js/observability.js?v=3:144
[13740645ms] [LOG] [Observability] Health Check: Online (10ms) @ http://localhost:8791/js/observability.js?v=3:144
[13770646ms] [LOG] [Observability] Health Check: Online (16ms) @ http://localhost:8791/js/observability.js?v=3:144
[13800639ms] [LOG] [Observability] Health Check: Online (4ms) @ http://localhost:8791/js/observability.js?v=3:144
[13830641ms] [LOG] [Observability] Health Check: Online (11ms) @ http://localhost:8791/js/observability.js?v=3:144
[13860637ms] [LOG] [Observability] Health Check: Online (10ms) @ http://localhost:8791/js/observability.js?v=3:144
[13890647ms] [LOG] [Observability] Health Check: Online (19ms) @ http://localhost:8791/js/observability.js?v=3:144
[13920656ms] [LOG] [Observability] Health Check: Online (27ms) @ http://localhost:8791/js/observability.js?v=3:144
[13950656ms] [LOG] [Observability] Health Check: Online (17ms) @ http://localhost:8791/js/observability.js?v=3:144
[13980645ms] [LOG] [Observability] Health Check: Online (13ms) @ http://localhost:8791/js/observability.js?v=3:144
[14010657ms] [LOG] [Observability] Health Check: Online (20ms) @ http://localhost:8791/js/observability.js?v=3:144
[14040636ms] [LOG] [Observability] Health Check: Online (6ms) @ http://localhost:8791/js/observability.js?v=3:144
[14070635ms] [LOG] [Observability] Health Check: Online (8ms) @ http://localhost:8791/js/observability.js?v=3:144
[14100635ms] [LOG] [Observability] Health Check: Online (8ms) @ http://localhost:8791/js/observability.js?v=3:144
[14130657ms] [LOG] [Observability] Health Check: Online (18ms) @ http://localhost:8791/js/observability.js?v=3:144
[14160634ms] [LOG] [Observability] Health Check: Online (5ms) @ http://localhost:8791/js/observability.js?v=3:144
[14190639ms] [LOG] [Observability] Health Check: Online (5ms) @ http://localhost:8791/js/observability.js?v=3:144
[14220661ms] [LOG] [Observability] Health Check: Online (33ms) @ http://localhost:8791/js/observability.js?v=3:144
[14250654ms] [LOG] [Observability] Health Check: Online (16ms) @ http://localhost:8791/js/observability.js?v=3:144
[14280636ms] [LOG] [Observability] Health Check: Online (4ms) @ http://localhost:8791/js/observability.js?v=3:144
[14310645ms] [LOG] [Observability] Health Check: Online (8ms) @ http://localhost:8791/js/observability.js?v=3:144
[14340642ms] [LOG] [Observability] Health Check: Online (11ms) @ http://localhost:8791/js/observability.js?v=3:144
[14370639ms] [LOG] [Observability] Health Check: Online (6ms) @ http://localhost:8791/js/observability.js?v=3:144
[14400690ms] [LOG] [Observability] Health Check: Online (61ms) @ http://localhost:8791/js/observability.js?v=3:144
[14430658ms] [LOG] [Observability] Health Check: Online (23ms) @ http://localhost:8791/js/observability.js?v=3:144
[14460646ms] [LOG] [Observability] Health Check: Online (10ms) @ http://localhost:8791/js/observability.js?v=3:144
[14490647ms] [LOG] [Observability] Health Check: Online (5ms) @ http://localhost:8791/js/observability.js?v=3:144
[14520642ms] [LOG] [Observability] Health Check: Online (7ms) @ http://localhost:8791/js/observability.js?v=3:144
[14550647ms] [LOG] [Observability] Health Check: Online (6ms) @ http://localhost:8791/js/observability.js?v=3:144
[14580646ms] [LOG] [Observability] Health Check: Online (14ms) @ http://localhost:8791/js/observability.js?v=3:144
[14610688ms] [LOG] [Observability] Health Check: Online (53ms) @ http://localhost:8791/js/observability.js?v=3:144
[14640663ms] [LOG] [Observability] Health Check: Online (27ms) @ http://localhost:8791/js/observability.js?v=3:144
[14670638ms] [LOG] [Observability] Health Check: Online (4ms) @ http://localhost:8791/js/observability.js?v=3:144
[14700634ms] [LOG] [Observability] Health Check: Online (4ms) @ http://localhost:8791/js/observability.js?v=3:144
[14730644ms] [LOG] [Observability] Health Check: Online (4ms) @ http://localhost:8791/js/observability.js?v=3:144
[14760646ms] [LOG] [Observability] Health Check: Online (11ms) @ http://localhost:8791/js/observability.js?v=3:144
[14790651ms] [LOG] [Observability] Health Check: Online (15ms) @ http://localhost:8791/js/observability.js?v=3:144
[14820652ms] [LOG] [Observability] Health Check: Online (24ms) @ http://localhost:8791/js/observability.js?v=3:144
[14850658ms] [LOG] [Observability] Health Check: Online (30ms) @ http://localhost:8791/js/observability.js?v=3:144
[14880646ms] [LOG] [Observability] Health Check: Online (10ms) @ http://localhost:8791/js/observability.js?v=3:144
[14910650ms] [LOG] [Observability] Health Check: Online (22ms) @ http://localhost:8791/js/observability.js?v=3:144
[14940638ms] [LOG] [Observability] Health Check: Online (12ms) @ http://localhost:8791/js/observability.js?v=3:144
[14970660ms] [LOG] [Observability] Health Check: Online (33ms) @ http://localhost:8791/js/observability.js?v=3:144
[15000643ms] [LOG] [Observability] Health Check: Online (11ms) @ http://localhost:8791/js/observability.js?v=3:144
[15030673ms] [LOG] [Observability] Health Check: Online (35ms) @ http://localhost:8791/js/observability.js?v=3:144
[15060661ms] [LOG] [Observability] Health Check: Online (35ms) @ http://localhost:8791/js/observability.js?v=3:144
[15090635ms] [LOG] [Observability] Health Check: Online (7ms) @ http://localhost:8791/js/observability.js?v=3:144
[15120635ms] [LOG] [Observability] Health Check: Online (8ms) @ http://localhost:8791/js/observability.js?v=3:144
[15150636ms] [LOG] [Observability] Health Check: Online (6ms) @ http://localhost:8791/js/observability.js?v=3:144
[15180640ms] [LOG] [Observability] Health Check: Online (13ms) @ http://localhost:8791/js/observability.js?v=3:144
[15210634ms] [LOG] [Observability] Health Check: Online (8ms) @ http://localhost:8791/js/observability.js?v=3:144
[15240657ms] [LOG] [Observability] Health Check: Online (18ms) @ http://localhost:8791/js/observability.js?v=3:144
[15270641ms] [LOG] [Observability] Health Check: Online (7ms) @ http://localhost:8791/js/observability.js?v=3:144
[15300644ms] [LOG] [Observability] Health Check: Online (7ms) @ http://localhost:8791/js/observability.js?v=3:144
[15330636ms] [LOG] [Observability] Health Check: Online (6ms) @ http://localhost:8791/js/observability.js?v=3:144
[15360637ms] [LOG] [Observability] Health Check: Online (8ms) @ http://localhost:8791/js/observability.js?v=3:144
[15390638ms] [LOG] [Observability] Health Check: Online (6ms) @ http://localhost:8791/js/observability.js?v=3:144
[15420642ms] [LOG] [Observability] Health Check: Online (5ms) @ http://localhost:8791/js/observability.js?v=3:144
[15450645ms] [LOG] [Observability] Health Check: Online (10ms) @ http://localhost:8791/js/observability.js?v=3:144
[15480651ms] [LOG] [Observability] Health Check: Online (17ms) @ http://localhost:8791/js/observability.js?v=3:144
[15510640ms] [LOG] [Observability] Health Check: Online (4ms) @ http://localhost:8791/js/observability.js?v=3:144
[15540637ms] [LOG] [Observability] Health Check: Online (5ms) @ http://localhost:8791/js/observability.js?v=3:144
[15570630ms] [LOG] [Observability] Health Check: Online (4ms) @ http://localhost:8791/js/observability.js?v=3:144
[15600650ms] [LOG] [Observability] Health Check: Online (10ms) @ http://localhost:8791/js/observability.js?v=3:144
[15630647ms] [LOG] [Observability] Health Check: Online (11ms) @ http://localhost:8791/js/observability.js?v=3:144
[15660644ms] [LOG] [Observability] Health Check: Online (8ms) @ http://localhost:8791/js/observability.js?v=3:144
[15690634ms] [LOG] [Observability] Health Check: Online (6ms) @ http://localhost:8791/js/observability.js?v=3:144
[15720633ms] [LOG] [Observability] Health Check: Online (4ms) @ http://localhost:8791/js/observability.js?v=3:144
[15750634ms] [LOG] [Observability] Health Check: Online (4ms) @ http://localhost:8791/js/observability.js?v=3:144
[15780638ms] [LOG] [Observability] Health Check: Online (6ms) @ http://localhost:8791/js/observability.js?v=3:144
[15810648ms] [LOG] [Observability] Health Check: Online (7ms) @ http://localhost:8791/js/observability.js?v=3:144
[15840648ms] [LOG] [Observability] Health Check: Online (7ms) @ http://localhost:8791/js/observability.js?v=3:144
[15870633ms] [LOG] [Observability] Health Check: Online (4ms) @ http://localhost:8791/js/observability.js?v=3:144
[15900646ms] [LOG] [Observability] Health Check: Online (9ms) @ http://localhost:8791/js/observability.js?v=3:144
[15930641ms] [LOG] [Observability] Health Check: Online (6ms) @ http://localhost:8791/js/observability.js?v=3:144
[15960645ms] [LOG] [Observability] Health Check: Online (12ms) @ http://localhost:8791/js/observability.js?v=3:144
[15990633ms] [LOG] [Observability] Health Check: Online (5ms) @ http://localhost:8791/js/observability.js?v=3:144
[16020672ms] [LOG] [Observability] Health Check: Online (45ms) @ http://localhost:8791/js/observability.js?v=3:144
[16050644ms] [LOG] [Observability] Health Check: Online (11ms) @ http://localhost:8791/js/observability.js?v=3:144
[16080907ms] [LOG] [Observability] Health Check: Online (266ms) @ http://localhost:8791/js/observability.js?v=3:144
[16110639ms] [LOG] [Observability] Health Check: Online (5ms) @ http://localhost:8791/js/observability.js?v=3:144
[16140647ms] [LOG] [Observability] Health Check: Online (20ms) @ http://localhost:8791/js/observability.js?v=3:144
[16170642ms] [LOG] [Observability] Health Check: Online (5ms) @ http://localhost:8791/js/observability.js?v=3:144
[16200646ms] [LOG] [Observability] Health Check: Online (5ms) @ http://localhost:8791/js/observability.js?v=3:144
[16230639ms] [LOG] [Observability] Health Check: Online (4ms) @ http://localhost:8791/js/observability.js?v=3:144
[16260645ms] [LOG] [Observability] Health Check: Online (7ms) @ http://localhost:8791/js/observability.js?v=3:144
[16290632ms] [LOG] [Observability] Health Check: Online (4ms) @ http://localhost:8791/js/observability.js?v=3:144
[16320638ms] [LOG] [Observability] Health Check: Online (8ms) @ http://localhost:8791/js/observability.js?v=3:144
[16350634ms] [LOG] [Observability] Health Check: Online (7ms) @ http://localhost:8791/js/observability.js?v=3:144
[16380644ms] [LOG] [Observability] Health Check: Online (4ms) @ http://localhost:8791/js/observability.js?v=3:144
[16410656ms] [LOG] [Observability] Health Check: Online (15ms) @ http://localhost:8791/js/observability.js?v=3:144
[16440638ms] [LOG] [Observability] Health Check: Online (6ms) @ http://localhost:8791/js/observability.js?v=3:144
[16470637ms] [LOG] [Observability] Health Check: Online (10ms) @ http://localhost:8791/js/observability.js?v=3:144
[16500642ms] [LOG] [Observability] Health Check: Online (8ms) @ http://localhost:8791/js/observability.js?v=3:144
[16530638ms] [LOG] [Observability] Health Check: Online (5ms) @ http://localhost:8791/js/observability.js?v=3:144
[16560646ms] [LOG] [Observability] Health Check: Online (5ms) @ http://localhost:8791/js/observability.js?v=3:144
[16590640ms] [LOG] [Observability] Health Check: Online (7ms) @ http://localhost:8791/js/observability.js?v=3:144
[16620645ms] [LOG] [Observability] Health Check: Online (5ms) @ http://localhost:8791/js/observability.js?v=3:144
[16650644ms] [LOG] [Observability] Health Check: Online (5ms) @ http://localhost:8791/js/observability.js?v=3:144
[16680641ms] [LOG] [Observability] Health Check: Online (11ms) @ http://localhost:8791/js/observability.js?v=3:144
[16710647ms] [LOG] [Observability] Health Check: Online (7ms) @ http://localhost:8791/js/observability.js?v=3:144
[16740655ms] [LOG] [Observability] Health Check: Online (23ms) @ http://localhost:8791/js/observability.js?v=3:144
[16770639ms] [LOG] [Observability] Health Check: Online (8ms) @ http://localhost:8791/js/observability.js?v=3:144
[16800657ms] [LOG] [Observability] Health Check: Online (18ms) @ http://localhost:8791/js/observability.js?v=3:144
[16830635ms] [LOG] [Observability] Health Check: Online (8ms) @ http://localhost:8791/js/observability.js?v=3:144
[16860655ms] [LOG] [Observability] Health Check: Online (15ms) @ http://localhost:8791/js/observability.js?v=3:144
[16890643ms] [LOG] [Observability] Health Check: Online (6ms) @ http://localhost:8791/js/observability.js?v=3:144
[16920641ms] [LOG] [Observability] Health Check: Online (10ms) @ http://localhost:8791/js/observability.js?v=3:144
[16950642ms] [LOG] [Observability] Health Check: Online (4ms) @ http://localhost:8791/js/observability.js?v=3:144
[16980645ms] [LOG] [Observability] Health Check: Online (8ms) @ http://localhost:8791/js/observability.js?v=3:144
[17010644ms] [LOG] [Observability] Health Check: Online (13ms) @ http://localhost:8791/js/observability.js?v=3:144
[17040642ms] [LOG] [Observability] Health Check: Online (7ms) @ http://localhost:8791/js/observability.js?v=3:144
[17070665ms] [LOG] [Observability] Health Check: Online (37ms) @ http://localhost:8791/js/observability.js?v=3:144
[17100640ms] [LOG] [Observability] Health Check: Online (8ms) @ http://localhost:8791/js/observability.js?v=3:144
[17130634ms] [LOG] [Observability] Health Check: Online (4ms) @ http://localhost:8791/js/observability.js?v=3:144
[17160645ms] [LOG] [Observability] Health Check: Online (10ms) @ http://localhost:8791/js/observability.js?v=3:144
[17190649ms] [LOG] [Observability] Health Check: Online (13ms) @ http://localhost:8791/js/observability.js?v=3:144
[17220633ms] [LOG] [Observability] Health Check: Online (4ms) @ http://localhost:8791/js/observability.js?v=3:144
[17250635ms] [LOG] [Observability] Health Check: Online (7ms) @ http://localhost:8791/js/observability.js?v=3:144
[17280640ms] [LOG] [Observability] Health Check: Online (4ms) @ http://localhost:8791/js/observability.js?v=3:144
[17310644ms] [LOG] [Observability] Health Check: Online (8ms) @ http://localhost:8791/js/observability.js?v=3:144
[17340654ms] [LOG] [Observability] Health Check: Online (14ms) @ http://localhost:8791/js/observability.js?v=3:144
[17370635ms] [LOG] [Observability] Health Check: Online (8ms) @ http://localhost:8791/js/observability.js?v=3:144
[17400643ms] [LOG] [Observability] Health Check: Online (6ms) @ http://localhost:8791/js/observability.js?v=3:144
[17430647ms] [LOG] [Observability] Health Check: Online (21ms) @ http://localhost:8791/js/observability.js?v=3:144
[17460641ms] [LOG] [Observability] Health Check: Online (4ms) @ http://localhost:8791/js/observability.js?v=3:144
[17490637ms] [LOG] [Observability] Health Check: Online (6ms) @ http://localhost:8791/js/observability.js?v=3:144
[17520636ms] [LOG] [Observability] Health Check: Online (4ms) @ http://localhost:8791/js/observability.js?v=3:144
[17550640ms] [LOG] [Observability] Health Check: Online (9ms) @ http://localhost:8791/js/observability.js?v=3:144
[17580696ms] [LOG] [Observability] Health Check: Online (62ms) @ http://localhost:8791/js/observability.js?v=3:144
[17610637ms] [LOG] [Observability] Health Check: Online (6ms) @ http://localhost:8791/js/observability.js?v=3:144
[17640654ms] [LOG] [Observability] Health Check: Online (27ms) @ http://localhost:8791/js/observability.js?v=3:144
[17670645ms] [LOG] [Observability] Health Check: Online (6ms) @ http://localhost:8791/js/observability.js?v=3:144
[17700643ms] [LOG] [Observability] Health Check: Online (4ms) @ http://localhost:8791/js/observability.js?v=3:144
[17730643ms] [LOG] [Observability] Health Check: Online (6ms) @ http://localhost:8791/js/observability.js?v=3:144
[17760635ms] [LOG] [Observability] Health Check: Online (6ms) @ http://localhost:8791/js/observability.js?v=3:144
[17790637ms] [LOG] [Observability] Health Check: Online (8ms) @ http://localhost:8791/js/observability.js?v=3:144
[17820655ms] [LOG] [Observability] Health Check: Online (15ms) @ http://localhost:8791/js/observability.js?v=3:144
[17850653ms] [LOG] [Observability] Health Check: Online (16ms) @ http://localhost:8791/js/observability.js?v=3:144
[17880672ms] [LOG] [Observability] Health Check: Online (45ms) @ http://localhost:8791/js/observability.js?v=3:144
[17910665ms] [LOG] [Observability] Health Check: Online (34ms) @ http://localhost:8791/js/observability.js?v=3:144
[17940652ms] [LOG] [Observability] Health Check: Online (16ms) @ http://localhost:8791/js/observability.js?v=3:144
[17970639ms] [LOG] [Observability] Health Check: Online (4ms) @ http://localhost:8791/js/observability.js?v=3:144
[18000634ms] [LOG] [Observability] Health Check: Online (6ms) @ http://localhost:8791/js/observability.js?v=3:144
[18030654ms] [LOG] [Observability] Health Check: Online (14ms) @ http://localhost:8791/js/observability.js?v=3:144
[18060636ms] [LOG] [Observability] Health Check: Online (4ms) @ http://localhost:8791/js/observability.js?v=3:144
[18090635ms] [LOG] [Observability] Health Check: Online (5ms) @ http://localhost:8791/js/observability.js?v=3:144
[18120637ms] [LOG] [Observability] Health Check: Online (10ms) @ http://localhost:8791/js/observability.js?v=3:144
[18150642ms] [LOG] [Observability] Health Check: Online (6ms) @ http://localhost:8791/js/observability.js?v=3:144
[18180645ms] [LOG] [Observability] Health Check: Online (6ms) @ http://localhost:8791/js/observability.js?v=3:144
[18210635ms] [LOG] [Observability] Health Check: Online (8ms) @ http://localhost:8791/js/observability.js?v=3:144
[18240643ms] [LOG] [Observability] Health Check: Online (15ms) @ http://localhost:8791/js/observability.js?v=3:144
[18270644ms] [LOG] [Observability] Health Check: Online (7ms) @ http://localhost:8791/js/observability.js?v=3:144
[18300635ms] [LOG] [Observability] Health Check: Online (4ms) @ http://localhost:8791/js/observability.js?v=3:144
[18330630ms] [LOG] [Observability] Health Check: Online (4ms) @ http://localhost:8791/js/observability.js?v=3:144
[18360633ms] [LOG] [Observability] Health Check: Online (5ms) @ http://localhost:8791/js/observability.js?v=3:144
[18390654ms] [LOG] [Observability] Health Check: Online (22ms) @ http://localhost:8791/js/observability.js?v=3:144
[18420641ms] [LOG] [Observability] Health Check: Online (8ms) @ http://localhost:8791/js/observability.js?v=3:144
[18450643ms] [LOG] [Observability] Health Check: Online (8ms) @ http://localhost:8791/js/observability.js?v=3:144
[18480636ms] [LOG] [Observability] Health Check: Online (6ms) @ http://localhost:8791/js/observability.js?v=3:144
[18510644ms] [LOG] [Observability] Health Check: Online (14ms) @ http://localhost:8791/js/observability.js?v=3:144
[18540645ms] [LOG] [Observability] Health Check: Online (4ms) @ http://localhost:8791/js/observability.js?v=3:144
[18570657ms] [LOG] [Observability] Health Check: Online (18ms) @ http://localhost:8791/js/observability.js?v=3:144
[18600692ms] [LOG] [Observability] Health Check: Online (53ms) @ http://localhost:8791/js/observability.js?v=3:144
[18630664ms] [LOG] [Observability] Health Check: Online (23ms) @ http://localhost:8791/js/observability.js?v=3:144
[18660641ms] [LOG] [Observability] Health Check: Online (7ms) @ http://localhost:8791/js/observability.js?v=3:144
[18690658ms] [LOG] [Observability] Health Check: Online (18ms) @ http://localhost:8791/js/observability.js?v=3:144
[18720630ms] [LOG] [Observability] Health Check: Online (4ms) @ http://localhost:8791/js/observability.js?v=3:144
[18750634ms] [LOG] [Observability] Health Check: Online (6ms) @ http://localhost:8791/js/observability.js?v=3:144
[18780656ms] [LOG] [Observability] Health Check: Online (20ms) @ http://localhost:8791/js/observability.js?v=3:144
[18810653ms] [LOG] [Observability] Health Check: Online (17ms) @ http://localhost:8791/js/observability.js?v=3:144
[18840685ms] [LOG] [Observability] Health Check: Online (48ms) @ http://localhost:8791/js/observability.js?v=3:144
[18870637ms] [LOG] [Observability] Health Check: Online (5ms) @ http://localhost:8791/js/observability.js?v=3:144
[18900633ms] [LOG] [Observability] Health Check: Online (5ms) @ http://localhost:8791/js/observability.js?v=3:144
[18930641ms] [LOG] [Observability] Health Check: Online (5ms) @ http://localhost:8791/js/observability.js?v=3:144
[18960637ms] [LOG] [Observability] Health Check: Online (4ms) @ http://localhost:8791/js/observability.js?v=3:144
[18990635ms] [LOG] [Observability] Health Check: Online (8ms) @ http://localhost:8791/js/observability.js?v=3:144
[19020645ms] [LOG] [Observability] Health Check: Online (12ms) @ http://localhost:8791/js/observability.js?v=3:144
